Archive member included to satisfy reference by file (symbol)

c:/nxp/mcuxpressoide_11.6.1_8255/ide/plugins/com.nxp.mcuxpresso.tools.win32_11.6.1.202207200623/tools/bin/../lib/gcc/arm-none-eabi/10.3.1/../../../../arm-none-eabi/lib/thumb/v6-m/nofp\libcr_nohost_nf.a(_cr__main.o)
                              ./startup/startup_mkl27z644.o (__main)
c:/nxp/mcuxpressoide_11.6.1_8255/ide/plugins/com.nxp.mcuxpresso.tools.win32_11.6.1.202207200623/tools/bin/../lib/gcc/arm-none-eabi/10.3.1/../../../../arm-none-eabi/lib/thumb/v6-m/nofp\libcr_nohost_nf.a(_cr_assert.o)
                              ./drivers/fsl_clock.o (__assertion_failed)
c:/nxp/mcuxpressoide_11.6.1_8255/ide/plugins/com.nxp.mcuxpresso.tools.win32_11.6.1.202207200623/tools/bin/../lib/gcc/arm-none-eabi/10.3.1/../../../../arm-none-eabi/lib/thumb/v6-m/nofp\libcr_nohost_nf.a(__ciob.o)
                              c:/nxp/mcuxpressoide_11.6.1_8255/ide/plugins/com.nxp.mcuxpresso.tools.win32_11.6.1.202207200623/tools/bin/../lib/gcc/arm-none-eabi/10.3.1/../../../../arm-none-eabi/lib/thumb/v6-m/nofp\libcr_nohost_nf.a(_cr_assert.o) (__Ciob)
c:/nxp/mcuxpressoide_11.6.1_8255/ide/plugins/com.nxp.mcuxpresso.tools.win32_11.6.1.202207200623/tools/bin/../lib/gcc/arm-none-eabi/10.3.1/../../../../arm-none-eabi/lib/thumb/v6-m/nofp\libcr_nohost_nf.a(__sys_appexit.o)
                              c:/nxp/mcuxpressoide_11.6.1_8255/ide/plugins/com.nxp.mcuxpresso.tools.win32_11.6.1.202207200623/tools/bin/../lib/gcc/arm-none-eabi/10.3.1/../../../../arm-none-eabi/lib/thumb/v6-m/nofp\libcr_nohost_nf.a(_cr_assert.o) (__sys_appexit)
c:/nxp/mcuxpressoide_11.6.1_8255/ide/plugins/com.nxp.mcuxpresso.tools.win32_11.6.1.202207200623/tools/bin/../lib/gcc/arm-none-eabi/10.3.1/../../../../arm-none-eabi/lib/thumb/v6-m/nofp\libcr_c.a(memcpy.o)
                              ./utilities/fsl_str.o (memcpy)
c:/nxp/mcuxpressoide_11.6.1_8255/ide/plugins/com.nxp.mcuxpresso.tools.win32_11.6.1.202207200623/tools/bin/../lib/gcc/arm-none-eabi/10.3.1/../../../../arm-none-eabi/lib/thumb/v6-m/nofp\libcr_c.a(memset.o)
                              ./utilities/fsl_debug_console.o (memset)
c:/nxp/mcuxpressoide_11.6.1_8255/ide/plugins/com.nxp.mcuxpresso.tools.win32_11.6.1.202207200623/tools/bin/../lib/gcc/arm-none-eabi/10.3.1/../../../../arm-none-eabi/lib/thumb/v6-m/nofp\libcr_c.a(_deferredlazyseek.o)
                              c:/nxp/mcuxpressoide_11.6.1_8255/ide/plugins/com.nxp.mcuxpresso.tools.win32_11.6.1.202207200623/tools/bin/../lib/gcc/arm-none-eabi/10.3.1/../../../../arm-none-eabi/lib/thumb/v6-m/nofp\libcr_nohost_nf.a(_cr_assert.o) (__flsbuf)
c:/nxp/mcuxpressoide_11.6.1_8255/ide/plugins/com.nxp.mcuxpresso.tools.win32_11.6.1.202207200623/tools/bin/../lib/gcc/arm-none-eabi/10.3.1/../../../../arm-none-eabi/lib/thumb/v6-m/nofp\libcr_c.a(_fflush.o)
                              c:/nxp/mcuxpressoide_11.6.1_8255/ide/plugins/com.nxp.mcuxpresso.tools.win32_11.6.1.202207200623/tools/bin/../lib/gcc/arm-none-eabi/10.3.1/../../../../arm-none-eabi/lib/thumb/v6-m/nofp\libcr_c.a(_deferredlazyseek.o) (_fflush)
c:/nxp/mcuxpressoide_11.6.1_8255/ide/plugins/com.nxp.mcuxpresso.tools.win32_11.6.1.202207200623/tools/bin/../lib/gcc/arm-none-eabi/10.3.1/../../../../arm-none-eabi/lib/thumb/v6-m/nofp\libcr_c.a(_writebuf.o)
                              c:/nxp/mcuxpressoide_11.6.1_8255/ide/plugins/com.nxp.mcuxpresso.tools.win32_11.6.1.202207200623/tools/bin/../lib/gcc/arm-none-eabi/10.3.1/../../../../arm-none-eabi/lib/thumb/v6-m/nofp\libcr_c.a(_deferredlazyseek.o) (_Cwritebuf)
c:/nxp/mcuxpressoide_11.6.1_8255/ide/plugins/com.nxp.mcuxpresso.tools.win32_11.6.1.202207200623/tools/bin/../lib/gcc/arm-none-eabi/10.3.1/../../../../arm-none-eabi/lib/thumb/v6-m/nofp\libcr_c.a(alloc.o)
                              ./drivers/fsl_common.o (malloc)
c:/nxp/mcuxpressoide_11.6.1_8255/ide/plugins/com.nxp.mcuxpresso.tools.win32_11.6.1.202207200623/tools/bin/../lib/gcc/arm-none-eabi/10.3.1/../../../../arm-none-eabi/lib/thumb/v6-m/nofp\libcr_c.a(errno.o)
                              ./utilities/fsl_str.o (errno)
c:/nxp/mcuxpressoide_11.6.1_8255/ide/plugins/com.nxp.mcuxpresso.tools.win32_11.6.1.202207200623/tools/bin/../lib/gcc/arm-none-eabi/10.3.1/../../../../arm-none-eabi/lib/thumb/v6-m/nofp\libcr_c.a(fputs.o)
                              c:/nxp/mcuxpressoide_11.6.1_8255/ide/plugins/com.nxp.mcuxpresso.tools.win32_11.6.1.202207200623/tools/bin/../lib/gcc/arm-none-eabi/10.3.1/../../../../arm-none-eabi/lib/thumb/v6-m/nofp\libcr_nohost_nf.a(_cr_assert.o) (fputs)
c:/nxp/mcuxpressoide_11.6.1_8255/ide/plugins/com.nxp.mcuxpresso.tools.win32_11.6.1.202207200623/tools/bin/../lib/gcc/arm-none-eabi/10.3.1/../../../../arm-none-eabi/lib/thumb/v6-m/nofp\libcr_c.a(fseek.o)
                              c:/nxp/mcuxpressoide_11.6.1_8255/ide/plugins/com.nxp.mcuxpresso.tools.win32_11.6.1.202207200623/tools/bin/../lib/gcc/arm-none-eabi/10.3.1/../../../../arm-none-eabi/lib/thumb/v6-m/nofp\libcr_c.a(_deferredlazyseek.o) (fseek)
[...]
Memory Configuration

Name             Origin             Length             Attributes
PROGRAM_FLASH    0x00000000         0x00010000         xr
SRAM             0x1ffff000         0x00004000         xrw
USB_RAM          0x400fe000         0x00000200         xrw
*default*        0x00000000         0xffffffff

Linker script and memory map

LOAD ./utilities/fsl_debug_console.o
LOAD ./utilities/fsl_str.o
LOAD ./startup/startup_mkl27z644.o
LOAD ./source/mtb.o
LOAD ./source/semihost_hardfault.o
LOAD ./source/skuska.o
LOAD ./drivers/fsl_clock.o
LOAD ./drivers/fsl_common.o
LOAD ./drivers/fsl_gpio.o
LOAD ./drivers/fsl_i2c.o
LOAD ./drivers/fsl_lpuart.o
LOAD ./drivers/fsl_smc.o
LOAD ./device/system_MKL27Z644.o
LOAD ./component/uart/fsl_adapter_lpuart.o
LOAD ./component/serial_manager/fsl_component_serial_manager.o
LOAD ./component/serial_manager/fsl_component_serial_port_uart.o
LOAD ./component/lists/fsl_component_generic_list.o
LOAD ./board/board.o
LOAD ./board/clock_config.o
LOAD ./board/peripherals.o
LOAD ./board/pin_mux.o
START GROUP
LOAD c:/nxp/mcuxpressoide_11.6.1_8255/ide/plugins/com.nxp.mcuxpresso.tools.win32_11.6.1.202207200623/tools/bin/../lib/gcc/arm-none-eabi/10.3.1/../../../../arm-none-eabi/lib/thumb/v6-m/nofp\libcr_nohost_nf.a
LOAD c:/nxp/mcuxpressoide_11.6.1_8255/ide/plugins/com.nxp.mcuxpresso.tools.win32_11.6.1.202207200623/tools/bin/../lib/gcc/arm-none-eabi/10.3.1/../../../../arm-none-eabi/lib/thumb/v6-m/nofp\libcr_c.a
LOAD c:/nxp/mcuxpressoide_11.6.1_8255/ide/plugins/com.nxp.mcuxpresso.tools.win32_11.6.1.202207200623/tools/bin/../lib/gcc/arm-none-eabi/10.3.1/thumb/v6-m/nofp\libcr_eabihelpers.a
LOAD c:/nxp/mcuxpressoide_11.6.1_8255/ide/plugins/com.nxp.mcuxpresso.tools.win32_11.6.1.202207200623/tools/bin/../lib/gcc/arm-none-eabi/10.3.1/thumb/v6-m/nofp\libgcc.a
END GROUP
                0x00000000                __base_PROGRAM_FLASH = 0x0
                0x00000000                __base_Flash = 0x0
                0x00010000                __top_PROGRAM_FLASH = 0x10000
                0x00010000                __top_Flash = 0x10000
                0x1ffff000                __base_SRAM = 0x1ffff000
                0x1ffff000                __base_RAM = 0x1ffff000
                0x20003000                __top_SRAM = 0x20003000
                0x20003000                __top_RAM = 0x20003000
                0x400fe000                __base_USB_RAM = 0x400fe000
                0x400fe000                __base_RAM2 = 0x400fe000
                0x400fe200                __top_USB_RAM = 0x400fe200
                0x400fe200                __top_RAM2 = 0x400fe200

.text           0x00000000     0x2780
 FILL mask 0xff
                0x00000000                __vectors_start__ = ABSOLUTE (.)
 *(SORT_BY_ALIGNMENT(.isr_vector))
 .isr_vector    0x00000000       0xc0 ./startup/startup_mkl27z644.o
                0x00000000                g_pfnVectors
                0x00000000                __Vectors
                0x000000c0                . = ALIGN (0x4)
                0x000000c0                __section_table_start = .
                0x000000c0                __data_section_table = .
                0x000000c0        0x4 LONG 0x2780 LOADADDR (.data)
                0x000000c4        0x4 LONG 0x1ffff080 ADDR (.data)
                0x000000c8        0x4 LONG 0x4 SIZEOF (.data)
                0x000000cc        0x4 LONG 0x2780 LOADADDR (.data_RAM2)
                0x000000d0        0x4 LONG 0x400fe000 ADDR (.data_RAM2)
                0x000000d4        0x4 LONG 0x0 SIZEOF (.data_RAM2)
                0x000000d8                __data_section_table_end = .
                0x000000d8                __bss_section_table = .
                0x000000d8        0x4 LONG 0x1ffff084 ADDR (.bss)
                0x000000dc        0x4 LONG 0x108 SIZEOF (.bss)
                0x000000e0        0x4 LONG 0x400fe000 ADDR (.bss_RAM2)
                0x000000e4        0x4 LONG 0x0 SIZEOF (.bss_RAM2)
                0x000000e8                __bss_section_table_end = .
                0x000000e8                __section_table_end = .
 *(SORT_BY_ALIGNMENT(.after_vectors*))
 .after_vectors.reset
                0x000000e8       0x4c ./startup/startup_mkl27z644.o
                0x000000e8                ResetISR
 .after_vectors.init_data
                0x00000134       0x12 ./startup/startup_mkl27z644.o
                0x00000134                data_init
 .after_vectors.init_bss
                0x00000146       0x10 ./startup/startup_mkl27z644.o
                0x00000146                bss_init
 .after_vectors
                0x00000156      0x10c ./startup/startup_mkl27z644.o
                0x00000156                NMI_Handler
                0x0000015a                SVC_Handler
                0x0000015c                PendSV_Handler
                0x0000015e                SysTick_Handler
                0x00000160                Reserved42_DriverIRQHandler
                0x00000160                SPI1_DriverIRQHandler
                0x00000160                LPTMR0_DriverIRQHandler
                0x00000160                DMA0_DriverIRQHandler
                0x00000160                Reserved43_DriverIRQHandler
                0x00000160                Reserved39_DriverIRQHandler
                0x00000160                PIT_DriverIRQHandler
                0x00000160                DMA2_DriverIRQHandler
                0x00000160                CMP0_DriverIRQHandler
                0x00000160                TPM2_DriverIRQHandler
                0x00000160                ADC0_DriverIRQHandler
                0x00000160                SPI0_DriverIRQHandler
                0x00000160                RTC_Seconds_DriverIRQHandler
                0x00000160                LLWU_DriverIRQHandler
                0x00000160                DMA1_DriverIRQHandler
                0x00000160                PMC_DriverIRQHandler
                0x00000160                RTC_DriverIRQHandler
                0x00000160                PORTB_PORTC_PORTD_PORTE_DriverIRQHandler
                0x00000160                TPM1_DriverIRQHandler
                0x00000160                FTFA_DriverIRQHandler
                0x00000160                IntDefaultHandler
                0x00000160                USB0_DriverIRQHandler
                0x00000160                Reserved41_DriverIRQHandler
                0x00000160                TPM0_DriverIRQHandler
                0x00000160                PORTA_DriverIRQHandler
                0x00000160                UART2_FLEXIO_DriverIRQHandler
                0x00000160                Reserved45_DriverIRQHandler
                0x00000160                Reserved20_DriverIRQHandler
                0x00000160                DMA3_DriverIRQHandler
                0x00000162                DMA0_IRQHandler
                0x0000016a                DMA1_IRQHandler
                0x00000172                DMA2_IRQHandler
                0x0000017a                DMA3_IRQHandler
                0x00000182                Reserved20_IRQHandler
                0x0000018a                FTFA_IRQHandler
                0x00000192                PMC_IRQHandler
                0x0000019a                LLWU_IRQHandler
                0x000001a2                I2C0_IRQHandler
                0x000001aa                I2C1_IRQHandler
                0x000001b2                SPI0_IRQHandler
                0x000001ba                SPI1_IRQHandler
                0x000001c2                LPUART0_IRQHandler
                0x000001ca                LPUART1_IRQHandler
                0x000001d2                UART2_FLEXIO_IRQHandler
                0x000001da                ADC0_IRQHandler
                0x000001e2                CMP0_IRQHandler
                0x000001ea                TPM0_IRQHandler
                0x000001f2                TPM1_IRQHandler
                0x000001fa                TPM2_IRQHandler
                0x00000202                RTC_IRQHandler
                0x0000020a                RTC_Seconds_IRQHandler
                0x00000212                PIT_IRQHandler
                0x0000021a                Reserved39_IRQHandler
                0x00000222                USB0_IRQHandler
                0x0000022a                Reserved41_IRQHandler
                0x00000232                Reserved42_IRQHandler
                0x0000023a                Reserved43_IRQHandler
                0x00000242                LPTMR0_IRQHandler
                0x0000024a                Reserved45_IRQHandler
                0x00000252                PORTA_IRQHandler
                0x0000025a                PORTB_PORTC_PORTD_PORTE_IRQHandler
                0x00000400                . = 0x400
 *fill*         0x00000262      0x19e ff
                0x00000400                PROVIDE (__FLASH_CONFIG_START__ = .)
 *(SORT_BY_ALIGNMENT(.FlashConfig))
 .FlashConfig   0x00000400       0x10 ./startup/startup_mkl27z644.o
                0x00000400                Flash_Config
                0x00000410                PROVIDE (__FLASH_CONFIG_END__ = .)
                0x00000001                ASSERT (! ((__FLASH_CONFIG_START__ == __FLASH_CONFIG_END__)), Linker Flash Config Support Enabled, but no .FlashConfig section provided within application)
 *(SORT_BY_ALIGNMENT(.text*))
 .text.DbgConsole_Init
                0x00000410      0x178 ./utilities/fsl_debug_console.o
                0x00000410                DbgConsole_Init
 .text.HardFault_Handler
                0x00000588       0x30 ./source/semihost_hardfault.o
                0x00000588                HardFault_Handler
 .text.main     0x000005b8      0x548 ./source/skuska.o
                0x000005b8                main
 .text.CLOCK_EnableClock
                0x00000b00       0x34 ./drivers/fsl_clock.o
 .text.CLOCK_DisableClock
                0x00000b34       0x38 ./drivers/fsl_clock.o
 .text.CLOCK_SetEr32kClock
                0x00000b6c       0x34 ./drivers/fsl_clock.o
 .text.CLOCK_GetOscRangeFromFreq
                0x00000ba0       0x4c ./drivers/fsl_clock.o
 .text.CLOCK_SetSimConfig
                0x00000bec       0x2c ./drivers/fsl_clock.o
                0x00000bec                CLOCK_SetSimConfig
 .text.CLOCK_EnableUsbfs0Clock
                0x00000c18       0x9c ./drivers/fsl_clock.o
                0x00000c18                CLOCK_EnableUsbfs0Clock
 .text.CLOCK_GetPeriphClkFreq
                0x00000cb4       0x3c ./drivers/fsl_clock.o
                0x00000cb4                CLOCK_GetPeriphClkFreq
 .text.CLOCK_SetMcgliteConfig
                0x00000cf0      0x110 ./drivers/fsl_clock.o
                0x00000cf0                CLOCK_SetMcgliteConfig
 .text.CLOCK_InitOsc0
                0x00000e00       0x94 ./drivers/fsl_clock.o
                0x00000e00                CLOCK_InitOsc0
 .text.GPIO_PinInit
                0x00000e94       0x68 ./drivers/fsl_gpio.o
                0x00000e94                GPIO_PinInit
 .text.I2C_TransferCommonIRQHandler
                0x00000efc       0x64 ./drivers/fsl_i2c.o
 .text.I2C0_DriverIRQHandler
                0x00000f60       0x20 ./drivers/fsl_i2c.o
                0x00000f60                I2C0_DriverIRQHandler
 .text.I2C1_DriverIRQHandler
                0x00000f80       0x20 ./drivers/fsl_i2c.o
                0x00000f80                I2C1_DriverIRQHandler
 .text.CLOCK_EnableClock
                0x00000fa0       0x34 ./drivers/fsl_lpuart.o
 .text.LPUART_GetInstance
                0x00000fd4       0x4c ./drivers/fsl_lpuart.o
                0x00000fd4                LPUART_GetInstance
 .text.LPUART_Init
                0x00001020      0x2bc ./drivers/fsl_lpuart.o
                0x00001020                LPUART_Init
 .text.LPUART_GetDefaultConfig
                0x000012dc       0x68 ./drivers/fsl_lpuart.o
                0x000012dc                LPUART_GetDefaultConfig
 .text.LPUART0_DriverIRQHandler
                0x00001344       0x24 ./drivers/fsl_lpuart.o
                0x00001344                LPUART0_DriverIRQHandler
 .text.LPUART1_DriverIRQHandler
                0x00001368       0x24 ./drivers/fsl_lpuart.o
                0x00001368                LPUART1_DriverIRQHandler
 .text.SystemInit
                0x0000138c       0x40 ./device/system_MKL27Z644.o
                0x0000138c                SystemInit
 .text.HAL_UartGetStatus
                0x000013cc       0x34 ./component/uart/fsl_adapter_lpuart.o
 .text.HAL_UartInit
                0x00001400       0xf8 ./component/uart/fsl_adapter_lpuart.o
                0x00001400                HAL_UartInit
 .text.SerialManager_Init
                0x000014f8       0x70 ./component/serial_manager/fsl_component_serial_manager.o
                0x000014f8                SerialManager_Init
 .text.SerialManager_OpenReadHandle
                0x00001568       0x74 ./component/serial_manager/fsl_component_serial_manager.o
                0x00001568                SerialManager_OpenReadHandle
 .text.CLOCK_SetLpuart0Clock
                0x000015dc       0x38 ./board/board.o
 .text.CLOCK_SetLpuart0Clock
                0x00001614       0x38 ./board/clock_config.o
 .text.CLOCK_SetLpuart1Clock
                0x0000164c       0x38 ./board/clock_config.o
 .text.CLOCK_SetTpmClock
                0x00001684       0x38 ./board/clock_config.o
 .text.CLOCK_SetFlexio0Clock
                0x000016bc       0x38 ./board/clock_config.o
 .text.CLOCK_SetClkOutClock
                0x000016f4       0x34 ./board/clock_config.o
 .text.CLOCK_SetRtcClkOutClock
                0x00001728       0x34 ./board/clock_config.o
 .text.CLOCK_SetSimSafeDivs
                0x0000175c       0x20 ./board/clock_config.o
 .text.CLOCK_SetXtal0Freq
                0x0000177c       0x1c ./board/clock_config.o
 .text.BOARD_BootClockRUN
                0x00001798       0x7c ./board/clock_config.o
                0x00001798                BOARD_BootClockRUN
 .text.CLOCK_EnableClock
                0x00001814       0x34 ./board/pin_mux.o
 .text.PORT_SetPinMux
                0x00001848       0x40 ./board/pin_mux.o
 .text.BOARD_InitPins
                0x00001888      0x17c ./board/pin_mux.o
                0x00001888                BOARD_InitPins
 .text.__assertion_failed
                0x00001a04       0x4c c:/nxp/mcuxpressoide_11.6.1_8255/ide/plugins/com.nxp.mcuxpresso.tools.win32_11.6.1.202207200623/tools/bin/../lib/gcc/arm-none-eabi/10.3.1/../../../../arm-none-eabi/lib/thumb/v6-m/nofp\libcr_nohost_nf.a(_cr_assert.o)
                0x00001a04                __assertion_failed
 .text._deferredlazyseek
                0x00001a50       0x40 c:/nxp/mcuxpressoide_11.6.1_8255/ide/plugins/com.nxp.mcuxpresso.tools.win32_11.6.1.202207200623/tools/bin/../lib/gcc/arm-none-eabi/10.3.1/../../../../arm-none-eabi/lib/thumb/v6-m/nofp\libcr_c.a(_deferredlazyseek.o)
                0x00001a50                _deferredlazyseek
 .text.__flsbuf
                0x00001a90      0x150 c:/nxp/mcuxpressoide_11.6.1_8255/ide/plugins/com.nxp.mcuxpresso.tools.win32_11.6.1.202207200623/tools/bin/../lib/gcc/arm-none-eabi/10.3.1/../../../../arm-none-eabi/lib/thumb/v6-m/nofp\libcr_c.a(_deferredlazyseek.o)
                0x00001a90                __flsbuf
 .text._fflush  0x00001be0       0x60 c:/nxp/mcuxpressoide_11.6.1_8255/ide/plugins/com.nxp.mcuxpresso.tools.win32_11.6.1.202207200623/tools/bin/../lib/gcc/arm-none-eabi/10.3.1/../../../../arm-none-eabi/lib/thumb/v6-m/nofp\libcr_c.a(_fflush.o)
                0x00001be0                _fflush
 .text._Cwritebuf
                0x00001c40       0x68 c:/nxp/mcuxpressoide_11.6.1_8255/ide/plugins/com.nxp.mcuxpresso.tools.win32_11.6.1.202207200623/tools/bin/../lib/gcc/arm-none-eabi/10.3.1/../../../../arm-none-eabi/lib/thumb/v6-m/nofp\libcr_c.a(_writebuf.o)
                0x00001c40                _Cwritebuf
 .text.malloc   0x00001ca8       0xcc c:/nxp/mcuxpressoide_11.6.1_8255/ide/plugins/com.nxp.mcuxpresso.tools.win32_11.6.1.202207200623/tools/bin/../lib/gcc/arm-none-eabi/10.3.1/../../../../arm-none-eabi/lib/thumb/v6-m/nofp\libcr_c.a(alloc.o)
                0x00001ca8                malloc
 .text._Csys_alloc
                0x00001d74       0x20 c:/nxp/mcuxpressoide_11.6.1_8255/ide/plugins/com.nxp.mcuxpresso.tools.win32_11.6.1.202207200623/tools/bin/../lib/gcc/arm-none-eabi/10.3.1/../../../../arm-none-eabi/lib/thumb/v6-m/nofp\libcr_c.a(alloc.o)
                0x00001d74                _Csys_alloc
 .text.fseek    0x00001d94       0xf0 c:/nxp/mcuxpressoide_11.6.1_8255/ide/plugins/com.nxp.mcuxpresso.tools.win32_11.6.1.202207200623/tools/bin/../lib/gcc/arm-none-eabi/10.3.1/../../../../arm-none-eabi/lib/thumb/v6-m/nofp\libcr_c.a(fseek.o)
                0x00001d94                fseek
 .text.ftell    0x00001e84       0x48 c:/nxp/mcuxpressoide_11.6.1_8255/ide/plugins/com.nxp.mcuxpresso.tools.win32_11.6.1.202207200623/tools/bin/../lib/gcc/arm-none-eabi/10.3.1/../../../../arm-none-eabi/lib/thumb/v6-m/nofp\libcr_c.a(ftell.o)
                0x00001e84                ftell
 .text._initio  0x00001ecc       0x7c c:/nxp/mcuxpressoide_11.6.1_8255/ide/plugins/com.nxp.mcuxpresso.tools.win32_11.6.1.202207200623/tools/bin/../lib/gcc/arm-none-eabi/10.3.1/../../../../arm-none-eabi/lib/thumb/v6-m/nofp\libcr_c.a(initio.o)
                0x00001ecc                _initio
 .text.setvbuf  0x00001f48       0x4c c:/nxp/mcuxpressoide_11.6.1_8255/ide/plugins/com.nxp.mcuxpresso.tools.win32_11.6.1.202207200623/tools/bin/../lib/gcc/arm-none-eabi/10.3.1/../../../../arm-none-eabi/lib/thumb/v6-m/nofp\libcr_c.a(setvbuf.o)
                0x00001f48                setvbuf
 .text.strlen   0x00001f94       0x58 c:/nxp/mcuxpressoide_11.6.1_8255/ide/plugins/com.nxp.mcuxpresso.tools.win32_11.6.1.202207200623/tools/bin/../lib/gcc/arm-none-eabi/10.3.1/../../../../arm-none-eabi/lib/thumb/v6-m/nofp\libcr_c.a(strlen.o)
                0x00001f94                strlen
 .text._sbrk    0x00001fec       0x44 c:/nxp/mcuxpressoide_11.6.1_8255/ide/plugins/com.nxp.mcuxpresso.tools.win32_11.6.1.202207200623/tools/bin/../lib/gcc/arm-none-eabi/10.3.1/../../../../arm-none-eabi/lib/thumb/v6-m/nofp\libcr_c.a(_cr_sbrk.o)
                0x00001fec                _sbrk
 .text._fdopen  0x00002030       0x74 c:/nxp/mcuxpressoide_11.6.1_8255/ide/plugins/com.nxp.mcuxpresso.tools.win32_11.6.1.202207200623/tools/bin/../lib/gcc/arm-none-eabi/10.3.1/../../../../arm-none-eabi/lib/thumb/v6-m/nofp\libcr_c.a(_fdopen.o)
                0x00002030                _fdopen
 .text.fclose   0x000020a4       0x5c c:/nxp/mcuxpressoide_11.6.1_8255/ide/plugins/com.nxp.mcuxpresso.tools.win32_11.6.1.202207200623/tools/bin/../lib/gcc/arm-none-eabi/10.3.1/../../../../arm-none-eabi/lib/thumb/v6-m/nofp\libcr_c.a(fclose.o)
                0x000020a4                fclose
 .text.fflush   0x00002100       0x44 c:/nxp/mcuxpressoide_11.6.1_8255/ide/plugins/com.nxp.mcuxpresso.tools.win32_11.6.1.202207200623/tools/bin/../lib/gcc/arm-none-eabi/10.3.1/../../../../arm-none-eabi/lib/thumb/v6-m/nofp\libcr_c.a(fflush.o)
                0x00002100                fflush
 .text.__check_heap_overflow
                0x00002144       0x18 c:/nxp/mcuxpressoide_11.6.1_8255/ide/plugins/com.nxp.mcuxpresso.tools.win32_11.6.1.202207200623/tools/bin/../lib/gcc/arm-none-eabi/10.3.1/../../../../arm-none-eabi/lib/thumb/v6-m/nofp\libcr_c.a(_cr_check_heap.o)
                0x00002144                __check_heap_overflow
 .text._do_fflush
                0x0000215c       0x48 c:/nxp/mcuxpressoide_11.6.1_8255/ide/plugins/com.nxp.mcuxpresso.tools.win32_11.6.1.202207200623/tools/bin/../lib/gcc/arm-none-eabi/10.3.1/../../../../arm-none-eabi/lib/thumb/v6-m/nofp\libcr_c.a(_do_fflush.o)
                0x0000215c                _do_fflush
 .text.delay    0x000021a4       0x44 ./source/skuska.o
                0x000021a4                delay
 .text.OSC_SetExtRefClkConfig
                0x000021e8       0x3e ./drivers/fsl_clock.o
 .text.OSC_SetCapLoad
                0x00002226       0x42 ./drivers/fsl_clock.o
 .text.GPIO_PinWrite
                0x00002268       0x38 ./drivers/fsl_gpio.o
 .text.SystemInitHook
                0x000022a0        0xa ./device/system_MKL27Z644.o
                0x000022a0                SystemInitHook
 .text.DisableGlobalIRQ
                0x000022aa       0x1e ./component/serial_manager/fsl_component_serial_manager.o
 .text.EnableGlobalIRQ
                0x000022c8       0x1c ./component/serial_manager/fsl_component_serial_manager.o
 .text.SerialManager_OpenWriteHandle
                0x000022e4       0x56 ./component/serial_manager/fsl_component_serial_manager.o
                0x000022e4                SerialManager_OpenWriteHandle
 .text.Serial_UartInit
                0x0000233a       0x4e ./component/serial_manager/fsl_component_serial_port_uart.o
                0x0000233a                Serial_UartInit
 .text.BOARD_InitDebugConsole
                0x00002388       0x2a ./board/board.o
                0x00002388                BOARD_InitDebugConsole
 .text.BOARD_InitBootClocks
                0x000023b2        0xe ./board/clock_config.o
                0x000023b2                BOARD_InitBootClocks
 .text.BOARD_InitPeripherals
                0x000023c0        0xa ./board/peripherals.o
                0x000023c0                BOARD_InitPeripherals
 .text.BOARD_InitBootPeripherals
                0x000023ca        0xe ./board/peripherals.o
                0x000023ca                BOARD_InitBootPeripherals
 .text.BOARD_InitBootPins
                0x000023d8        0xe ./board/pin_mux.o
                0x000023d8                BOARD_InitBootPins
 .text.__main   0x000023e6        0xc c:/nxp/mcuxpressoide_11.6.1_8255/ide/plugins/com.nxp.mcuxpresso.tools.win32_11.6.1.202207200623/tools/bin/../lib/gcc/arm-none-eabi/10.3.1/../../../../arm-none-eabi/lib/thumb/v6-m/nofp\libcr_nohost_nf.a(_cr__main.o)
                0x000023e6                __main
 .text.__sys_appexit
                0x000023f2        0x2 c:/nxp/mcuxpressoide_11.6.1_8255/ide/plugins/com.nxp.mcuxpresso.tools.win32_11.6.1.202207200623/tools/bin/../lib/gcc/arm-none-eabi/10.3.1/../../../../arm-none-eabi/lib/thumb/v6-m/nofp\libcr_nohost_nf.a(__sys_appexit.o)
                0x000023f2                __sys_appexit
                0x000023f2                __exit
 .text.memset   0x000023f4        0x8 c:/nxp/mcuxpressoide_11.6.1_8255/ide/plugins/com.nxp.mcuxpresso.tools.win32_11.6.1.202207200623/tools/bin/../lib/gcc/arm-none-eabi/10.3.1/../../../../arm-none-eabi/lib/thumb/v6-m/nofp\libcr_c.a(memset.o)
                0x000023f4                memset
 .text.free     0x000023fc       0x2c c:/nxp/mcuxpressoide_11.6.1_8255/ide/plugins/com.nxp.mcuxpresso.tools.win32_11.6.1.202207200623/tools/bin/../lib/gcc/arm-none-eabi/10.3.1/../../../../arm-none-eabi/lib/thumb/v6-m/nofp\libcr_c.a(alloc.o)
                0x000023fc                free
 .text.fputs    0x00002428       0x2e c:/nxp/mcuxpressoide_11.6.1_8255/ide/plugins/com.nxp.mcuxpresso.tools.win32_11.6.1.202207200623/tools/bin/../lib/gcc/arm-none-eabi/10.3.1/../../../../arm-none-eabi/lib/thumb/v6-m/nofp\libcr_c.a(fputs.o)
                0x00002428                fputs
 .text.remove   0x00002456       0x12 c:/nxp/mcuxpressoide_11.6.1_8255/ide/plugins/com.nxp.mcuxpresso.tools.win32_11.6.1.202207200623/tools/bin/../lib/gcc/arm-none-eabi/10.3.1/../../../../arm-none-eabi/lib/thumb/v6-m/nofp\libcr_c.a(remove.o)
                0x00002456                remove
 .text.__aeabi_division_idivmod
                0x00002468       0x78 c:/nxp/mcuxpressoide_11.6.1_8255/ide/plugins/com.nxp.mcuxpresso.tools.win32_11.6.1.202207200623/tools/bin/../lib/gcc/arm-none-eabi/10.3.1/thumb/v6-m/nofp\libcr_eabihelpers.a(division_32.o)
                0x00002468                __aeabi_idivmod
                0x00002468                __aeabi_idiv
                0x0000246e                __aeabi_uidivmod
                0x0000246e                __aeabi_uidiv
 .text.__aeabi_division_idiv0
                0x000024e0        0x2 c:/nxp/mcuxpressoide_11.6.1_8255/ide/plugins/com.nxp.mcuxpresso.tools.win32_11.6.1.202207200623/tools/bin/../lib/gcc/arm-none-eabi/10.3.1/thumb/v6-m/nofp\libcr_eabihelpers.a(division_idiv0.o)
                0x000024e0                __aeabi_idiv0
 .text.__aeabi_memset_lowlevel
                0x000024e2       0x2a c:/nxp/mcuxpressoide_11.6.1_8255/ide/plugins/com.nxp.mcuxpresso.tools.win32_11.6.1.202207200623/tools/bin/../lib/gcc/arm-none-eabi/10.3.1/thumb/v6-m/nofp\libcr_eabihelpers.a(memcpy.o)
                0x000024e2                __aeabi_lowlevel_memset
 .text.__sys_close
                0x0000250c        0x6 c:/nxp/mcuxpressoide_11.6.1_8255/ide/plugins/com.nxp.mcuxpresso.tools.win32_11.6.1.202207200623/tools/bin/../lib/gcc/arm-none-eabi/10.3.1/../../../../arm-none-eabi/lib/thumb/v6-m/nofp\libcr_nohost_nf.a(__sys_close.o)
                0x0000250c                __sys_close
 .text.__sys_flen
                0x00002512        0x6 c:/nxp/mcuxpressoide_11.6.1_8255/ide/plugins/com.nxp.mcuxpresso.tools.win32_11.6.1.202207200623/tools/bin/../lib/gcc/arm-none-eabi/10.3.1/../../../../arm-none-eabi/lib/thumb/v6-m/nofp\libcr_nohost_nf.a(__sys_flen.o)
                0x00002512                __sys_flen
 .text.__sys_istty
                0x00002518        0x6 c:/nxp/mcuxpressoide_11.6.1_8255/ide/plugins/com.nxp.mcuxpresso.tools.win32_11.6.1.202207200623/tools/bin/../lib/gcc/arm-none-eabi/10.3.1/../../../../arm-none-eabi/lib/thumb/v6-m/nofp\libcr_nohost_nf.a(__sys_istty.o)
                0x00002518                __sys_istty
 .text.__sys_remove
                0x0000251e        0x6 c:/nxp/mcuxpressoide_11.6.1_8255/ide/plugins/com.nxp.mcuxpresso.tools.win32_11.6.1.202207200623/tools/bin/../lib/gcc/arm-none-eabi/10.3.1/../../../../arm-none-eabi/lib/thumb/v6-m/nofp\libcr_nohost_nf.a(__sys_remove.o)
                0x0000251e                __sys_remove
 .text.__sys_seek
                0x00002524        0x6 c:/nxp/mcuxpressoide_11.6.1_8255/ide/plugins/com.nxp.mcuxpresso.tools.win32_11.6.1.202207200623/tools/bin/../lib/gcc/arm-none-eabi/10.3.1/../../../../arm-none-eabi/lib/thumb/v6-m/nofp\libcr_nohost_nf.a(__sys_seek.o)
                0x00002524                __sys_seek
 .text.__sys_tmpnam
                0x0000252a        0x6 c:/nxp/mcuxpressoide_11.6.1_8255/ide/plugins/com.nxp.mcuxpresso.tools.win32_11.6.1.202207200623/tools/bin/../lib/gcc/arm-none-eabi/10.3.1/../../../../arm-none-eabi/lib/thumb/v6-m/nofp\libcr_nohost_nf.a(__sys_tmpnam.o)
                0x0000252a                __sys_tmpnam
 .text.__sys_write
                0x00002530        0x4 c:/nxp/mcuxpressoide_11.6.1_8255/ide/plugins/com.nxp.mcuxpresso.tools.win32_11.6.1.202207200623/tools/bin/../lib/gcc/arm-none-eabi/10.3.1/../../../../arm-none-eabi/lib/thumb/v6-m/nofp\libcr_nohost_nf.a(__sys_write.o)
                0x00002530                __sys_write
 *(SORT_BY_ALIGNMENT(.rodata) SORT_BY_ALIGNMENT(.rodata.*) SORT_BY_ALIGNMENT(.constdata) SORT_BY_ALIGNMENT(.constdata.*))
 .rodata        0x00002534        0x2 ./source/skuska.o
 *fill*         0x00002536        0x2 ff
 .rodata.CLOCK_SetMcgliteConfig.str1.4
                0x00002538       0x1f ./drivers/fsl_clock.o
 *fill*         0x00002557        0x1 ff
 .rodata.GPIO_PinInit.str1.4
                0x00002558       0x20 ./drivers/fsl_gpio.o
 .rodata.s_lpuartBases
                0x00002578        0x8 ./drivers/fsl_lpuart.o
 .rodata.s_lpuartClock
                0x00002580        0x8 ./drivers/fsl_lpuart.o
 .rodata.LPUART_GetInstance.str1.4
                0x00002588       0x38 ./drivers/fsl_lpuart.o
 .rodata.LPUART_Init.str1.4
                0x000025c0       0x51 ./drivers/fsl_lpuart.o
 *fill*         0x00002611        0x3 ff
 .rodata.LPUART_GetDefaultConfig.str1.4
                0x00002614       0x22 ./drivers/fsl_lpuart.o
 *fill*         0x00002636        0x2 ff
 .rodata.s_LpuartAdapterBase
                0x00002638        0x8 ./component/uart/fsl_adapter_lpuart.o
 .rodata.HAL_UartInit.str1.4
                0x00002640       0xed ./component/uart/fsl_adapter_lpuart.o
 *fill*         0x0000272d        0x3 ff
 .rodata.mcgliteConfig_BOARD_BootClockRUN
                0x00002730        0x6 ./board/clock_config.o
                0x00002730                mcgliteConfig_BOARD_BootClockRUN
 *fill*         0x00002736        0x2 ff
 .rodata.simConfig_BOARD_BootClockRUN
                0x00002738        0x8 ./board/clock_config.o
                0x00002738                simConfig_BOARD_BootClockRUN
 .rodata.oscConfig_BOARD_BootClockRUN
                0x00002740        0x8 ./board/clock_config.o
                0x00002740                oscConfig_BOARD_BootClockRUN
 .rodata.__num_Ciob_streams
                0x00002748        0x4 c:/nxp/mcuxpressoide_11.6.1_8255/ide/plugins/com.nxp.mcuxpresso.tools.win32_11.6.1.202207200623/tools/bin/../lib/gcc/arm-none-eabi/10.3.1/../../../../arm-none-eabi/lib/thumb/v6-m/nofp\libcr_nohost_nf.a(__ciob.o)
                0x00002748                __num_Ciob_streams
 .rodata.__assertion_failed.str1.1
                0x0000274c       0x15 c:/nxp/mcuxpressoide_11.6.1_8255/ide/plugins/com.nxp.mcuxpresso.tools.win32_11.6.1.202207200623/tools/bin/../lib/gcc/arm-none-eabi/10.3.1/../../../../arm-none-eabi/lib/thumb/v6-m/nofp\libcr_nohost_nf.a(_cr_assert.o)
 .rodata._Csys_alloc.str1.1
                0x00002761       0x18 c:/nxp/mcuxpressoide_11.6.1_8255/ide/plugins/com.nxp.mcuxpresso.tools.win32_11.6.1.202207200623/tools/bin/../lib/gcc/arm-none-eabi/10.3.1/../../../../arm-none-eabi/lib/thumb/v6-m/nofp\libcr_c.a(alloc.o)
 .rodata._initio.str1.1
                0x00002779        0x4 c:/nxp/mcuxpressoide_11.6.1_8255/ide/plugins/com.nxp.mcuxpresso.tools.win32_11.6.1.202207200623/tools/bin/../lib/gcc/arm-none-eabi/10.3.1/../../../../arm-none-eabi/lib/thumb/v6-m/nofp\libcr_c.a(initio.o)
                0x00002780                . = ALIGN (0x4)
 *fill*         0x0000277d        0x3 ff
                0x00002780                _etext = .

.glue_7         0x00002780        0x0
 .glue_7        0x00002780        0x0 linker stubs

.glue_7t        0x00002780        0x0
 .glue_7t       0x00002780        0x0 linker stubs

.vfp11_veneer   0x00002780        0x0
 .vfp11_veneer  0x00002780        0x0 linker stubs

.v4_bx          0x00002780        0x0
 .v4_bx         0x00002780        0x0 linker stubs

.iplt           0x00002780        0x0
 .iplt          0x00002780        0x0 ./utilities/fsl_debug_console.o

.rel.dyn        0x00002780        0x0
 .rel.iplt      0x00002780        0x0 ./utilities/fsl_debug_console.o

.m_usb_data
 *(SORT_BY_ALIGNMENT(m_usb_bdt))

.mtb_buffer_RAM2
 *(SORT_BY_ALIGNMENT(.mtb.$RAM2*))
 *(SORT_BY_ALIGNMENT(.mtb.$USB_RAM*))

.data_RAM2      0x400fe000        0x0 load address 0x00002780
 FILL mask 0xff
                [!provide]                PROVIDE (__start_data_RAM2 = .)
                [!provide]                PROVIDE (__start_data_USB_RAM = .)
 *(SORT_BY_ALIGNMENT(.ramfunc.$RAM2))
 *(SORT_BY_ALIGNMENT(.ramfunc.$USB_RAM))
 *(SORT_BY_ALIGNMENT(.data.$RAM2))
 *(SORT_BY_ALIGNMENT(.data.$USB_RAM))
 *(SORT_BY_ALIGNMENT(.data.$RAM2.*))
 *(SORT_BY_ALIGNMENT(.data.$USB_RAM.*))
                0x400fe000                . = ALIGN (0x4)
                [!provide]                PROVIDE (__end_data_RAM2 = .)
                [!provide]                PROVIDE (__end_data_USB_RAM = .)

.mtb_buffer_default
                0x1ffff000       0x80
 *(SORT_BY_ALIGNMENT(.mtb*))
 .mtb.$RAM1     0x1ffff000       0x80 ./source/mtb.o
                0x1ffff000                __mtb_buffer__

.uninit_RESERVED
                0x1ffff080        0x0
                0x1ffff080                _start_uninit_RESERVED = .
 *(SORT_BY_ALIGNMENT(.bss.$RESERVED*))
                0x1ffff080                . = ALIGN (0x4)
                0x1ffff080                _end_uninit_RESERVED = .

.data           0x1ffff080        0x4 load address 0x00002780
 FILL mask 0xff
                0x1ffff080                _data = .
                [!provide]                PROVIDE (__start_data_RAM = .)
                [!provide]                PROVIDE (__start_data_SRAM = .)
 *(SORT_BY_ALIGNMENT(vtable))
 *(SORT_BY_ALIGNMENT(.ramfunc*))
 *(SORT_BY_ALIGNMENT(CodeQuickAccess))
 *(SORT_BY_ALIGNMENT(DataQuickAccess))
 *(SORT_BY_ALIGNMENT(RamFunction))
 *(SORT_BY_ALIGNMENT(.data*))
 .data.SystemCoreClock
                0x1ffff080        0x4 ./device/system_MKL27Z644.o
                0x1ffff080                SystemCoreClock
                0x1ffff084                . = ALIGN (0x4)
                0x1ffff084                _edata = .
                [!provide]                PROVIDE (__end_data_RAM = .)
                [!provide]                PROVIDE (__end_data_SRAM = .)

.igot.plt       0x1ffff084        0x0 load address 0x00002784
 .igot.plt      0x1ffff084        0x0 ./utilities/fsl_debug_console.o

.bss_RAM2       0x400fe000        0x0
                [!provide]                PROVIDE (__start_bss_RAM2 = .)
                [!provide]                PROVIDE (__start_bss_USB_RAM = .)
 *(SORT_BY_ALIGNMENT(.bss.$RAM2))
 *(SORT_BY_ALIGNMENT(.bss.$USB_RAM))
 *(SORT_BY_ALIGNMENT(.bss.$RAM2.*))
 *(SORT_BY_ALIGNMENT(.bss.$USB_RAM.*))
                0x400fe000                . = ALIGN ((. != 0x0)?0x4:0x1)
                [!provide]                PROVIDE (__end_bss_RAM2 = .)
                [!provide]                PROVIDE (__end_bss_USB_RAM = .)

.bss            0x1ffff084      0x108
                0x1ffff084                _bss = .
                [!provide]                PROVIDE (__start_bss_RAM = .)
                [!provide]                PROVIDE (__start_bss_SRAM = .)
 *(SORT_BY_ALIGNMENT(.bss*))
 .bss.s_debugConsoleState
                0x1ffff084       0x20 ./utilities/fsl_debug_console.o
 .bss.g_serialHandle
                0x1ffff0a4        0x4 ./utilities/fsl_debug_console.o
                0x1ffff0a4                g_serialHandle
 .bss.g_xtal0Freq
                0x1ffff0a8        0x4 ./drivers/fsl_clock.o
                0x1ffff0a8                g_xtal0Freq
 .bss.s_i2cHandle
                0x1ffff0ac        0x8 ./drivers/fsl_i2c.o
 .bss.s_i2cMasterIsr
                0x1ffff0b4        0x4 ./drivers/fsl_i2c.o
 .bss.s_i2cSlaveIsr
                0x1ffff0b8        0x4 ./drivers/fsl_i2c.o
 .bss.s_lpuartHandle
                0x1ffff0bc        0x8 ./drivers/fsl_lpuart.o
 .bss.s_lpuartIsr
                0x1ffff0c4        0x4 ./drivers/fsl_lpuart.o
 .bss.__Ciob    0x1ffff0c8       0xb4 c:/nxp/mcuxpressoide_11.6.1_8255/ide/plugins/com.nxp.mcuxpresso.tools.win32_11.6.1.202207200623/tools/bin/../lib/gcc/arm-none-eabi/10.3.1/../../../../arm-none-eabi/lib/thumb/v6-m/nofp\libcr_nohost_nf.a(__ciob.o)
                0x1ffff0c8                __Ciob
 .bss.errno     0x1ffff17c        0x4 c:/nxp/mcuxpressoide_11.6.1_8255/ide/plugins/com.nxp.mcuxpresso.tools.win32_11.6.1.202207200623/tools/bin/../lib/gcc/arm-none-eabi/10.3.1/../../../../arm-none-eabi/lib/thumb/v6-m/nofp\libcr_c.a(errno.o)
                0x1ffff17c                errno
 .bss.__end_of_heap
                0x1ffff180        0x4 c:/nxp/mcuxpressoide_11.6.1_8255/ide/plugins/com.nxp.mcuxpresso.tools.win32_11.6.1.202207200623/tools/bin/../lib/gcc/arm-none-eabi/10.3.1/../../../../arm-none-eabi/lib/thumb/v6-m/nofp\libcr_c.a(__init_alloc.o)
                0x1ffff180                __end_of_heap
 .bss.__heaps   0x1ffff184        0x4 c:/nxp/mcuxpressoide_11.6.1_8255/ide/plugins/com.nxp.mcuxpresso.tools.win32_11.6.1.202207200623/tools/bin/../lib/gcc/arm-none-eabi/10.3.1/../../../../arm-none-eabi/lib/thumb/v6-m/nofp\libcr_c.a(__init_alloc.o)
                0x1ffff184                __heaps
 .bss.s_debugConsoleReadWaitSemaphore
                0x1ffff188        0x1 ./utilities/fsl_debug_console.o
 *(SORT_BY_ALIGNMENT(COMMON))
                0x1ffff18c                . = ALIGN (0x4)
 *fill*         0x1ffff189        0x3 
                0x1ffff18c                _ebss = .
                [!provide]                PROVIDE (__end_bss_RAM = .)
                [!provide]                PROVIDE (__end_bss_SRAM = .)
                [!provide]                PROVIDE (end = .)

.noinit_RAM2    0x400fe000        0x0
                [!provide]                PROVIDE (__start_noinit_RAM2 = .)
                [!provide]                PROVIDE (__start_noinit_USB_RAM = .)
 *(SORT_BY_ALIGNMENT(.noinit.$RAM2))
 *(SORT_BY_ALIGNMENT(.noinit.$USB_RAM))
 *(SORT_BY_ALIGNMENT(.noinit.$RAM2.*))
 *(SORT_BY_ALIGNMENT(.noinit.$USB_RAM.*))
                0x400fe000                . = ALIGN (0x4)
                [!provide]                PROVIDE (__end_noinit_RAM2 = .)
                [!provide]                PROVIDE (__end_noinit_USB_RAM = .)

.noinit         0x1ffff18c        0x0
                0x1ffff18c                _noinit = .
                [!provide]                PROVIDE (__start_noinit_RAM = .)
                [!provide]                PROVIDE (__start_noinit_SRAM = .)
 *(SORT_BY_ALIGNMENT(.noinit*))
                0x1ffff18c                . = ALIGN (0x4)
                0x1ffff18c                _end_noinit = .
                [!provide]                PROVIDE (__end_noinit_RAM = .)
                [!provide]                PROVIDE (__end_noinit_SRAM = .)

.ARM.extab
 *(SORT_BY_ALIGNMENT(.ARM.extab*) SORT_BY_ALIGNMENT(.gnu.linkonce.armextab.*))

.ARM.exidx      0x00002784        0x0
                0x00002784                __exidx_start = .
 *(SORT_BY_ALIGNMENT(.ARM.exidx*) SORT_BY_ALIGNMENT(.gnu.linkonce.armexidx.*))
                0x00002784                __exidx_end = .
                0x00000400                _HeapSize = 0x400

.heap           0x1ffff18c      0x400
                0x1ffff18c                _pvHeapStart = .
                0x1ffff58c                . = (. + _HeapSize)
 *fill*         0x1ffff18c      0x400 
                0x1ffff58c                . = ALIGN (0x4)
                0x1ffff58c                _pvHeapLimit = .
                0x00000400                _StackSize = 0x400

.heap2stackfill
                0x1ffff58c      0x400
                0x1ffff98c                . = (. + _StackSize)
 *fill*         0x1ffff58c      0x400 

.stack          0x20002c00        0x0
                0x20002c00                _vStackBase = .
                0x20002c00                . = ALIGN (0x4)
                0x20003000                _vStackTop = (. + _StackSize)
                0x00000000                _image_start = LOADADDR (.text)
                0x00002784                _image_end = (LOADADDR (.data) + SIZEOF (.data))
                0x00002784                _image_size = (_image_end - _image_start)
OUTPUT(skuska.axf elf32-littlearm)
LOAD linker stubs

.debug_info     0x00000000     0x9348
 .debug_info    0x00000000      0xb3f ./utilities/fsl_debug_console.o
 .debug_info    0x00000b3f      0x4e4 ./startup/startup_mkl27z644.o
 .debug_info    0x00001023       0x53 ./source/mtb.o
 .debug_info    0x00001076       0x3c ./source/semihost_hardfault.o
 .debug_info    0x000010b2      0x247 ./source/skuska.o
 .debug_info    0x000012f9     0x12da ./drivers/fsl_clock.o
 .debug_info    0x000025d3      0x880 ./drivers/fsl_gpio.o
 .debug_info    0x00002e53     0x1c65 ./drivers/fsl_i2c.o
 .debug_info    0x00004ab8     0x1826 ./drivers/fsl_lpuart.o
 .debug_info    0x000062de      0x3ed ./device/system_MKL27Z644.o
 .debug_info    0x000066cb      0x939 ./component/uart/fsl_adapter_lpuart.o
 .debug_info    0x00007004      0x8e8 ./component/serial_manager/fsl_component_serial_manager.o
 .debug_info    0x000078ec      0x472 ./component/serial_manager/fsl_component_serial_port_uart.o
 .debug_info    0x00007d5e      0x303 ./board/board.o
 .debug_info    0x00008061      0xb06 ./board/clock_config.o
 .debug_info    0x00008b67       0x4e ./board/peripherals.o
 .debug_info    0x00008bb5      0x793 ./board/pin_mux.o

.debug_abbrev   0x00000000     0x1cee
 .debug_abbrev  0x00000000      0x232 ./utilities/fsl_debug_console.o
 .debug_abbrev  0x00000232      0x1da ./startup/startup_mkl27z644.o
 .debug_abbrev  0x0000040c       0x46 ./source/mtb.o
 .debug_abbrev  0x00000452       0x31 ./source/semihost_hardfault.o
 .debug_abbrev  0x00000483      0x147 ./source/skuska.o
 .debug_abbrev  0x000005ca      0x2b0 ./drivers/fsl_clock.o
 .debug_abbrev  0x0000087a      0x20d ./drivers/fsl_gpio.o
 .debug_abbrev  0x00000a87      0x35a ./drivers/fsl_i2c.o
 .debug_abbrev  0x00000de1      0x2fe ./drivers/fsl_lpuart.o
 .debug_abbrev  0x000010df      0x148 ./device/system_MKL27Z644.o
 .debug_abbrev  0x00001227      0x191 ./component/uart/fsl_adapter_lpuart.o
 .debug_abbrev  0x000013b8      0x23d ./component/serial_manager/fsl_component_serial_manager.o
 .debug_abbrev  0x000015f5      0x167 ./component/serial_manager/fsl_component_serial_port_uart.o
 .debug_abbrev  0x0000175c      0x119 ./board/board.o
 .debug_abbrev  0x00001875      0x1ce ./board/clock_config.o
 .debug_abbrev  0x00001a43       0x4b ./board/peripherals.o
 .debug_abbrev  0x00001a8e      0x260 ./board/pin_mux.o

.debug_aranges  0x00000000      0x8f0
 .debug_aranges
                0x00000000       0x98 ./utilities/fsl_debug_console.o
 .debug_aranges
                0x00000098      0x160 ./startup/startup_mkl27z644.o
 .debug_aranges
                0x000001f8       0x18 ./source/mtb.o
 .debug_aranges
                0x00000210       0x20 ./source/semihost_hardfault.o
 .debug_aranges
                0x00000230       0x28 ./source/skuska.o
 .debug_aranges
                0x00000258       0xd0 ./drivers/fsl_clock.o
 .debug_aranges
                0x00000328       0x68 ./drivers/fsl_gpio.o
 .debug_aranges
                0x00000390      0x178 ./drivers/fsl_i2c.o
 .debug_aranges
                0x00000508      0x130 ./drivers/fsl_lpuart.o
 .debug_aranges
                0x00000638       0x30 ./device/system_MKL27Z644.o
 .debug_aranges
                0x00000668       0x50 ./component/uart/fsl_adapter_lpuart.o
 .debug_aranges
                0x000006b8       0x98 ./component/serial_manager/fsl_component_serial_manager.o
 .debug_aranges
                0x00000750       0x48 ./component/serial_manager/fsl_component_serial_port_uart.o
 .debug_aranges
                0x00000798       0x28 ./board/board.o
 .debug_aranges
                0x000007c0       0x80 ./board/clock_config.o
 .debug_aranges
                0x00000840       0x28 ./board/peripherals.o
 .debug_aranges
                0x00000868       0x88 ./board/pin_mux.o

.debug_ranges   0x00000000      0x7d8
 .debug_ranges  0x00000000       0x88 ./utilities/fsl_debug_console.o
 .debug_ranges  0x00000088      0x150 ./startup/startup_mkl27z644.o
 .debug_ranges  0x000001d8       0x10 ./source/semihost_hardfault.o
 .debug_ranges  0x000001e8       0x18 ./source/skuska.o
 .debug_ranges  0x00000200       0xc0 ./drivers/fsl_clock.o
 .debug_ranges  0x000002c0       0x58 ./drivers/fsl_gpio.o
 .debug_ranges  0x00000318      0x168 ./drivers/fsl_i2c.o
 .debug_ranges  0x00000480      0x120 ./drivers/fsl_lpuart.o
 .debug_ranges  0x000005a0       0x20 ./device/system_MKL27Z644.o
 .debug_ranges  0x000005c0       0x40 ./component/uart/fsl_adapter_lpuart.o
 .debug_ranges  0x00000600       0x88 ./component/serial_manager/fsl_component_serial_manager.o
 .debug_ranges  0x00000688       0x38 ./component/serial_manager/fsl_component_serial_port_uart.o
 .debug_ranges  0x000006c0       0x18 ./board/board.o
 .debug_ranges  0x000006d8       0x70 ./board/clock_config.o
 .debug_ranges  0x00000748       0x18 ./board/peripherals.o
 .debug_ranges  0x00000760       0x78 ./board/pin_mux.o

.debug_macro    0x00000000     0x96a9
 .debug_macro   0x00000000      0x1ae ./utilities/fsl_debug_console.o
 .debug_macro   0x000001ae      0xa8a ./utilities/fsl_debug_console.o
 .debug_macro   0x00000c38       0x10 ./utilities/fsl_debug_console.o
 .debug_macro   0x00000c48       0x16 ./utilities/fsl_debug_console.o
 .debug_macro   0x00000c5e       0x10 ./utilities/fsl_debug_console.o
 .debug_macro   0x00000c6e      0x12e ./utilities/fsl_debug_console.o
 .debug_macro   0x00000d9c       0x28 ./utilities/fsl_debug_console.o
 .debug_macro   0x00000dc4       0x16 ./utilities/fsl_debug_console.o
 .debug_macro   0x00000dda       0x22 ./utilities/fsl_debug_console.o
 .debug_macro   0x00000dfc      0x5b3 ./utilities/fsl_debug_console.o
 .debug_macro   0x000013af       0x10 ./utilities/fsl_debug_console.o
 .debug_macro   0x000013bf       0x3f ./utilities/fsl_debug_console.o
 .debug_macro   0x000013fe       0x1c ./utilities/fsl_debug_console.o
 .debug_macro   0x0000141a       0x22 ./utilities/fsl_debug_console.o
 .debug_macro   0x0000143c       0xd1 ./utilities/fsl_debug_console.o
 .debug_macro   0x0000150d      0x3ad ./utilities/fsl_debug_console.o
 .debug_macro   0x000018ba       0x3a ./utilities/fsl_debug_console.o
 .debug_macro   0x000018f4     0x547b ./utilities/fsl_debug_console.o
 .debug_macro   0x00006d6f     0x10e6 ./utilities/fsl_debug_console.o
 .debug_macro   0x00007e55       0xfa ./utilities/fsl_debug_console.o
 .debug_macro   0x00007f4f       0xed ./utilities/fsl_debug_console.o
 .debug_macro   0x0000803c       0x50 ./utilities/fsl_debug_console.o
 .debug_macro   0x0000808c       0x52 ./utilities/fsl_debug_console.o
 .debug_macro   0x000080de       0x34 ./utilities/fsl_debug_console.o
 .debug_macro   0x00008112       0x10 ./utilities/fsl_debug_console.o
 .debug_macro   0x00008122       0x66 ./utilities/fsl_debug_console.o
 .debug_macro   0x00008188       0x34 ./utilities/fsl_debug_console.o
 .debug_macro   0x000081bc       0x29 ./startup/startup_mkl27z644.o
 .debug_macro   0x000081e5       0x2f ./source/mtb.o
 .debug_macro   0x00008214       0x82 ./source/mtb.o
 .debug_macro   0x00008296       0x10 ./source/mtb.o
 .debug_macro   0x000082a6       0x11 ./source/semihost_hardfault.o
 .debug_macro   0x000082b7      0x18b ./source/skuska.o
 .debug_macro   0x00008442       0xd8 ./source/skuska.o
 .debug_macro   0x0000851a       0x22 ./source/skuska.o
 .debug_macro   0x0000853c       0x1c ./source/skuska.o
 .debug_macro   0x00008558       0x16 ./source/skuska.o
 .debug_macro   0x0000856e      0x19d ./source/skuska.o
 .debug_macro   0x0000870b      0x189 ./source/skuska.o
 .debug_macro   0x00008894       0x2e ./source/skuska.o
 .debug_macro   0x000088c2      0x143 ./drivers/fsl_clock.o
 .debug_macro   0x00008a05       0x1c ./drivers/fsl_clock.o
 .debug_macro   0x00008a21      0x116 ./drivers/fsl_gpio.o
 .debug_macro   0x00008b37       0x10 ./drivers/fsl_gpio.o
 .debug_macro   0x00008b47      0x116 ./drivers/fsl_i2c.o
 .debug_macro   0x00008c5d       0x1c ./drivers/fsl_i2c.o
 .debug_macro   0x00008c79      0x116 ./drivers/fsl_lpuart.o
 .debug_macro   0x00008d8f       0x10 ./drivers/fsl_lpuart.o
 .debug_macro   0x00008d9f       0x97 ./device/system_MKL27Z644.o
 .debug_macro   0x00008e36      0x129 ./component/uart/fsl_adapter_lpuart.o
 .debug_macro   0x00008f5f       0x2e ./component/uart/fsl_adapter_lpuart.o
 .debug_macro   0x00008f8d      0x173 ./component/serial_manager/fsl_component_serial_manager.o
 .debug_macro   0x00009100       0x4c ./component/serial_manager/fsl_component_serial_manager.o
 .debug_macro   0x0000914c      0x143 ./component/serial_manager/fsl_component_serial_port_uart.o
 .debug_macro   0x0000928f      0x15d ./board/board.o
 .debug_macro   0x000093ec       0x22 ./board/board.o
 .debug_macro   0x0000940e      0x14e ./board/clock_config.o
 .debug_macro   0x0000955c       0x1b ./board/peripherals.o
 .debug_macro   0x00009577      0x11c ./board/pin_mux.o
 .debug_macro   0x00009693       0x16 ./board/pin_mux.o

.debug_line     0x00000000     0x6b3c
 .debug_line    0x00000000      0x862 ./utilities/fsl_debug_console.o
 .debug_line    0x00000862      0x1ed ./startup/startup_mkl27z644.o
 .debug_line    0x00000a4f       0xd1 ./source/mtb.o
 .debug_line    0x00000b20       0x59 ./source/semihost_hardfault.o
 .debug_line    0x00000b79      0x91c ./source/skuska.o
 .debug_line    0x00001495      0x86a ./drivers/fsl_clock.o
 .debug_line    0x00001cff      0x4f4 ./drivers/fsl_gpio.o
 .debug_line    0x000021f3     0x1414 ./drivers/fsl_i2c.o
 .debug_line    0x00003607      0xedf ./drivers/fsl_lpuart.o
 .debug_line    0x000044e6      0x2ef ./device/system_MKL27Z644.o
 .debug_line    0x000047d5      0x4f2 ./component/uart/fsl_adapter_lpuart.o
 .debug_line    0x00004cc7      0x7b0 ./component/serial_manager/fsl_component_serial_manager.o
 .debug_line    0x00005477      0x567 ./component/serial_manager/fsl_component_serial_port_uart.o
 .debug_line    0x000059de      0x51f ./board/board.o
 .debug_line    0x00005efd      0x529 ./board/clock_config.o
 .debug_line    0x00006426       0x71 ./board/peripherals.o
 .debug_line    0x00006497      0x6a5 ./board/pin_mux.o

.debug_str      0x00000000    0x3b34e
 .debug_str     0x00000000    0x35533 ./utilities/fsl_debug_console.o
                              0x357bf (size before relaxing)
 .debug_str     0x00035533      0x3ee ./startup/startup_mkl27z644.o
                               0x3113 (size before relaxing)
 .debug_str     0x00035921      0x532 ./source/mtb.o
                               0x3205 (size before relaxing)
 .debug_str     0x00035e53       0x1f ./source/semihost_hardfault.o
                               0x2cf2 (size before relaxing)
 .debug_str     0x00035e72     0x1587 ./source/skuska.o
                              0x3582d (size before relaxing)
 .debug_str     0x000373f9      0xe42 ./drivers/fsl_clock.o
                              0x350d0 (size before relaxing)
 .debug_str     0x0003823b       0xf0 ./drivers/fsl_gpio.o
                              0x34444 (size before relaxing)
 .debug_str     0x0003832b      0xee9 ./drivers/fsl_i2c.o
                              0x353ad (size before relaxing)
 .debug_str     0x00039214      0xdb2 ./drivers/fsl_lpuart.o
                              0x3550f (size before relaxing)
 .debug_str     0x00039fc6       0x8e ./device/system_MKL27Z644.o
                              0x328b1 (size before relaxing)
 .debug_str     0x0003a054      0x32e ./component/uart/fsl_adapter_lpuart.o
                              0x34a35 (size before relaxing)
 .debug_str     0x0003a382      0x467 ./component/serial_manager/fsl_component_serial_manager.o
                              0x3490c (size before relaxing)
 .debug_str     0x0003a7e9      0x106 ./component/serial_manager/fsl_component_serial_port_uart.o
                              0x346bd (size before relaxing)
 .debug_str     0x0003a8ef       0x4d ./board/board.o
                              0x350a8 (size before relaxing)
 .debug_str     0x0003a93c      0x4e0 ./board/clock_config.o
                              0x34b67 (size before relaxing)
 .debug_str     0x0003ae1c       0x47 ./board/peripherals.o
                               0x2d19 (size before relaxing)
 .debug_str     0x0003ae63      0x4eb ./board/pin_mux.o
                              0x346ea (size before relaxing)

.comment        0x00000000       0x49
 .comment       0x00000000       0x49 ./utilities/fsl_debug_console.o
                                 0x4a (size before relaxing)
 .comment       0x00000049       0x4a ./startup/startup_mkl27z644.o
 .comment       0x00000049       0x4a ./source/mtb.o
 .comment       0x00000049       0x4a ./source/semihost_hardfault.o
 .comment       0x00000049       0x4a ./source/skuska.o
 .comment       0x00000049       0x4a ./drivers/fsl_clock.o
 .comment       0x00000049       0x4a ./drivers/fsl_gpio.o
 .comment       0x00000049       0x4a ./drivers/fsl_i2c.o
 .comment       0x00000049       0x4a ./drivers/fsl_lpuart.o
 .comment       0x00000049       0x4a ./device/system_MKL27Z644.o
 .comment       0x00000049       0x4a ./component/uart/fsl_adapter_lpuart.o
 .comment       0x00000049       0x4a ./component/serial_manager/fsl_component_serial_manager.o
 .comment       0x00000049       0x4a ./component/serial_manager/fsl_component_serial_port_uart.o
 .comment       0x00000049       0x4a ./board/board.o
 .comment       0x00000049       0x4a ./board/clock_config.o
 .comment       0x00000049       0x4a ./board/peripherals.o
 .comment       0x00000049       0x4a ./board/pin_mux.o
 .comment       0x00000049       0x4a c:/nxp/mcuxpressoide_11.6.1_8255/ide/plugins/com.nxp.mcuxpresso.tools.win32_11.6.1.202207200623/tools/bin/../lib/gcc/arm-none-eabi/10.3.1/../../../../arm-none-eabi/lib/thumb/v6-m/nofp\libcr_nohost_nf.a(_cr__main.o)
 .comment       0x00000049       0x4a c:/nxp/mcuxpressoide_11.6.1_8255/ide/plugins/com.nxp.mcuxpresso.tools.win32_11.6.1.202207200623/tools/bin/../lib/gcc/arm-none-eabi/10.3.1/../../../../arm-none-eabi/lib/thumb/v6-m/nofp\libcr_nohost_nf.a(_cr_assert.o)
 .comment       0x00000049       0x4a c:/nxp/mcuxpressoide_11.6.1_8255/ide/plugins/com.nxp.mcuxpresso.tools.win32_11.6.1.202207200623/tools/bin/../lib/gcc/arm-none-eabi/10.3.1/../../../../arm-none-eabi/lib/thumb/v6-m/nofp\libcr_nohost_nf.a(__ciob.o)
 .comment       0x00000049       0x4a c:/nxp/mcuxpressoide_11.6.1_8255/ide/plugins/com.nxp.mcuxpresso.tools.win32_11.6.1.202207200623/tools/bin/../lib/gcc/arm-none-eabi/10.3.1/../../../../arm-none-eabi/lib/thumb/v6-m/nofp\libcr_nohost_nf.a(__sys_appexit.o)
 .comment       0x00000049       0x4a c:/nxp/mcuxpressoide_11.6.1_8255/ide/plugins/com.nxp.mcuxpresso.tools.win32_11.6.1.202207200623/tools/bin/../lib/gcc/arm-none-eabi/10.3.1/../../../../arm-none-eabi/lib/thumb/v6-m/nofp\libcr_c.a(memset.o)
 .comment       0x00000049       0x4a c:/nxp/mcuxpressoide_11.6.1_8255/ide/plugins/com.nxp.mcuxpresso.tools.win32_11.6.1.202207200623/tools/bin/../lib/gcc/arm-none-eabi/10.3.1/../../../../arm-none-eabi/lib/thumb/v6-m/nofp\libcr_c.a(_deferredlazyseek.o)
 .comment       0x00000049       0x4a c:/nxp/mcuxpressoide_11.6.1_8255/ide/plugins/com.nxp.mcuxpresso.tools.win32_11.6.1.202207200623/tools/bin/../lib/gcc/arm-none-eabi/10.3.1/../../../../arm-none-eabi/lib/thumb/v6-m/nofp\libcr_c.a(_fflush.o)
 .comment       0x00000049       0x4a c:/nxp/mcuxpressoide_11.6.1_8255/ide/plugins/com.nxp.mcuxpresso.tools.win32_11.6.1.202207200623/tools/bin/../lib/gcc/arm-none-eabi/10.3.1/../../../../arm-none-eabi/lib/thumb/v6-m/nofp\libcr_c.a(_writebuf.o)
 .comment       0x00000049       0x4a c:/nxp/mcuxpressoide_11.6.1_8255/ide/plugins/com.nxp.mcuxpresso.tools.win32_11.6.1.202207200623/tools/bin/../lib/gcc/arm-none-eabi/10.3.1/../../../../arm-none-eabi/lib/thumb/v6-m/nofp\libcr_c.a(alloc.o)
 .comment       0x00000049       0x4a c:/nxp/mcuxpressoide_11.6.1_8255/ide/plugins/com.nxp.mcuxpresso.tools.win32_11.6.1.202207200623/tools/bin/../lib/gcc/arm-none-eabi/10.3.1/../../../../arm-none-eabi/lib/thumb/v6-m/nofp\libcr_c.a(errno.o)
 .comment       0x00000049       0x4a c:/nxp/mcuxpressoide_11.6.1_8255/ide/plugins/com.nxp.mcuxpresso.tools.win32_11.6.1.202207200623/tools/bin/../lib/gcc/arm-none-eabi/10.3.1/../../../../arm-none-eabi/lib/thumb/v6-m/nofp\libcr_c.a(fputs.o)
 .comment       0x00000049       0x4a c:/nxp/mcuxpressoide_11.6.1_8255/ide/plugins/com.nxp.mcuxpresso.tools.win32_11.6.1.202207200623/tools/bin/../lib/gcc/arm-none-eabi/10.3.1/../../../../arm-none-eabi/lib/thumb/v6-m/nofp\libcr_c.a(fseek.o)
 .comment       0x00000049       0x4a c:/nxp/mcuxpressoide_11.6.1_8255/ide/plugins/com.nxp.mcuxpresso.tools.win32_11.6.1.202207200623/tools/bin/../lib/gcc/arm-none-eabi/10.3.1/../../../../arm-none-eabi/lib/thumb/v6-m/nofp\libcr_c.a(ftell.o)
 .comment       0x00000049       0x4a c:/nxp/mcuxpressoide_11.6.1_8255/ide/plugins/com.nxp.mcuxpresso.tools.win32_11.6.1.202207200623/tools/bin/../lib/gcc/arm-none-eabi/10.3.1/../../../../arm-none-eabi/lib/thumb/v6-m/nofp\libcr_c.a(initio.o)
 .comment       0x00000049       0x4a c:/nxp/mcuxpressoide_11.6.1_8255/ide/plugins/com.nxp.mcuxpresso.tools.win32_11.6.1.202207200623/tools/bin/../lib/gcc/arm-none-eabi/10.3.1/../../../../arm-none-eabi/lib/thumb/v6-m/nofp\libcr_c.a(setvbuf.o)
 .comment       0x00000049       0x4a c:/nxp/mcuxpressoide_11.6.1_8255/ide/plugins/com.nxp.mcuxpresso.tools.win32_11.6.1.202207200623/tools/bin/../lib/gcc/arm-none-eabi/10.3.1/../../../../arm-none-eabi/lib/thumb/v6-m/nofp\libcr_c.a(strlen.o)
 .comment       0x00000049       0x4a c:/nxp/mcuxpressoide_11.6.1_8255/ide/plugins/com.nxp.mcuxpresso.tools.win32_11.6.1.202207200623/tools/bin/../lib/gcc/arm-none-eabi/10.3.1/../../../../arm-none-eabi/lib/thumb/v6-m/nofp\libcr_c.a(__init_alloc.o)
 .comment       0x00000049       0x4a c:/nxp/mcuxpressoide_11.6.1_8255/ide/plugins/com.nxp.mcuxpresso.tools.win32_11.6.1.202207200623/tools/bin/../lib/gcc/arm-none-eabi/10.3.1/../../../../arm-none-eabi/lib/thumb/v6-m/nofp\libcr_c.a(_cr_sbrk.o)
 .comment       0x00000049       0x4a c:/nxp/mcuxpressoide_11.6.1_8255/ide/plugins/com.nxp.mcuxpresso.tools.win32_11.6.1.202207200623/tools/bin/../lib/gcc/arm-none-eabi/10.3.1/../../../../arm-none-eabi/lib/thumb/v6-m/nofp\libcr_c.a(_fdopen.o)
 .comment       0x00000049       0x4a c:/nxp/mcuxpressoide_11.6.1_8255/ide/plugins/com.nxp.mcuxpresso.tools.win32_11.6.1.202207200623/tools/bin/../lib/gcc/arm-none-eabi/10.3.1/../../../../arm-none-eabi/lib/thumb/v6-m/nofp\libcr_c.a(fclose.o)
 .comment       0x00000049       0x4a c:/nxp/mcuxpressoide_11.6.1_8255/ide/plugins/com.nxp.mcuxpresso.tools.win32_11.6.1.202207200623/tools/bin/../lib/gcc/arm-none-eabi/10.3.1/../../../../arm-none-eabi/lib/thumb/v6-m/nofp\libcr_c.a(fflush.o)
 .comment       0x00000049       0x4a c:/nxp/mcuxpressoide_11.6.1_8255/ide/plugins/com.nxp.mcuxpresso.tools.win32_11.6.1.202207200623/tools/bin/../lib/gcc/arm-none-eabi/10.3.1/../../../../arm-none-eabi/lib/thumb/v6-m/nofp\libcr_c.a(remove.o)
 .comment       0x00000049       0x4a c:/nxp/mcuxpressoide_11.6.1_8255/ide/plugins/com.nxp.mcuxpresso.tools.win32_11.6.1.202207200623/tools/bin/../lib/gcc/arm-none-eabi/10.3.1/../../../../arm-none-eabi/lib/thumb/v6-m/nofp\libcr_c.a(_cr_check_heap.o)
 .comment       0x00000049       0x4a c:/nxp/mcuxpressoide_11.6.1_8255/ide/plugins/com.nxp.mcuxpresso.tools.win32_11.6.1.202207200623/tools/bin/../lib/gcc/arm-none-eabi/10.3.1/../../../../arm-none-eabi/lib/thumb/v6-m/nofp\libcr_c.a(_do_fflush.o)
 .comment       0x00000049       0x4a c:/nxp/mcuxpressoide_11.6.1_8255/ide/plugins/com.nxp.mcuxpresso.tools.win32_11.6.1.202207200623/tools/bin/../lib/gcc/arm-none-eabi/10.3.1/../../../../arm-none-eabi/lib/thumb/v6-m/nofp\libcr_nohost_nf.a(__sys_close.o)
 .comment       0x00000049       0x4a c:/nxp/mcuxpressoide_11.6.1_8255/ide/plugins/com.nxp.mcuxpresso.tools.win32_11.6.1.202207200623/tools/bin/../lib/gcc/arm-none-eabi/10.3.1/../../../../arm-none-eabi/lib/thumb/v6-m/nofp\libcr_nohost_nf.a(__sys_flen.o)
 .comment       0x00000049       0x4a c:/nxp/mcuxpressoide_11.6.1_8255/ide/plugins/com.nxp.mcuxpresso.tools.win32_11.6.1.202207200623/tools/bin/../lib/gcc/arm-none-eabi/10.3.1/../../../../arm-none-eabi/lib/thumb/v6-m/nofp\libcr_nohost_nf.a(__sys_istty.o)
 .comment       0x00000049       0x4a c:/nxp/mcuxpressoide_11.6.1_8255/ide/plugins/com.nxp.mcuxpresso.tools.win32_11.6.1.202207200623/tools/bin/../lib/gcc/arm-none-eabi/10.3.1/../../../../arm-none-eabi/lib/thumb/v6-m/nofp\libcr_nohost_nf.a(__sys_remove.o)
 .comment       0x00000049       0x4a c:/nxp/mcuxpressoide_11.6.1_8255/ide/plugins/com.nxp.mcuxpresso.tools.win32_11.6.1.202207200623/tools/bin/../lib/gcc/arm-none-eabi/10.3.1/../../../../arm-none-eabi/lib/thumb/v6-m/nofp\libcr_nohost_nf.a(__sys_seek.o)
 .comment       0x00000049       0x4a c:/nxp/mcuxpressoide_11.6.1_8255/ide/plugins/com.nxp.mcuxpresso.tools.win32_11.6.1.202207200623/tools/bin/../lib/gcc/arm-none-eabi/10.3.1/../../../../arm-none-eabi/lib/thumb/v6-m/nofp\libcr_nohost_nf.a(__sys_tmpnam.o)
 .comment       0x00000049       0x4a c:/nxp/mcuxpressoide_11.6.1_8255/ide/plugins/com.nxp.mcuxpresso.tools.win32_11.6.1.202207200623/tools/bin/../lib/gcc/arm-none-eabi/10.3.1/../../../../arm-none-eabi/lib/thumb/v6-m/nofp\libcr_nohost_nf.a(__sys_write.o)

.ARM.attributes
                0x00000000       0x2a
 .ARM.attributes
                0x00000000       0x2c ./utilities/fsl_debug_console.o
 .ARM.attributes
                0x0000002c       0x2c ./startup/startup_mkl27z644.o
 .ARM.attributes
                0x00000058       0x2c ./source/mtb.o
 .ARM.attributes
                0x00000084       0x2c ./source/semihost_hardfault.o
 .ARM.attributes
                0x000000b0       0x2c ./source/skuska.o
 .ARM.attributes
                0x000000dc       0x2c ./drivers/fsl_clock.o
 .ARM.attributes
                0x00000108       0x2c ./drivers/fsl_gpio.o
 .ARM.attributes
                0x00000134       0x2c ./drivers/fsl_i2c.o
 .ARM.attributes
                0x00000160       0x2c ./drivers/fsl_lpuart.o
 .ARM.attributes
                0x0000018c       0x2c ./device/system_MKL27Z644.o
 .ARM.attributes
                0x000001b8       0x2c ./component/uart/fsl_adapter_lpuart.o
 .ARM.attributes
                0x000001e4       0x2c ./component/serial_manager/fsl_component_serial_manager.o
 .ARM.attributes
                0x00000210       0x2c ./component/serial_manager/fsl_component_serial_port_uart.o
 .ARM.attributes
                0x0000023c       0x2c ./board/board.o
 .ARM.attributes
                0x00000268       0x2c ./board/clock_config.o
 .ARM.attributes
                0x00000294       0x2c ./board/peripherals.o
 .ARM.attributes
                0x000002c0       0x2c ./board/pin_mux.o
 .ARM.attributes
                0x000002ec       0x2c c:/nxp/mcuxpressoide_11.6.1_8255/ide/plugins/com.nxp.mcuxpresso.tools.win32_11.6.1.202207200623/tools/bin/../lib/gcc/arm-none-eabi/10.3.1/../../../../arm-none-eabi/lib/thumb/v6-m/nofp\libcr_nohost_nf.a(_cr__main.o)
 .ARM.attributes
                0x00000318       0x2c c:/nxp/mcuxpressoide_11.6.1_8255/ide/plugins/com.nxp.mcuxpresso.tools.win32_11.6.1.202207200623/tools/bin/../lib/gcc/arm-none-eabi/10.3.1/../../../../arm-none-eabi/lib/thumb/v6-m/nofp\libcr_nohost_nf.a(_cr_assert.o)
 .ARM.attributes
                0x00000344       0x2c c:/nxp/mcuxpressoide_11.6.1_8255/ide/plugins/com.nxp.mcuxpresso.tools.win32_11.6.1.202207200623/tools/bin/../lib/gcc/arm-none-eabi/10.3.1/../../../../arm-none-eabi/lib/thumb/v6-m/nofp\libcr_nohost_nf.a(__ciob.o)
 .ARM.attributes
                0x00000370       0x2c c:/nxp/mcuxpressoide_11.6.1_8255/ide/plugins/com.nxp.mcuxpresso.tools.win32_11.6.1.202207200623/tools/bin/../lib/gcc/arm-none-eabi/10.3.1/../../../../arm-none-eabi/lib/thumb/v6-m/nofp\libcr_nohost_nf.a(__sys_appexit.o)
 .ARM.attributes
                0x0000039c       0x2c c:/nxp/mcuxpressoide_11.6.1_8255/ide/plugins/com.nxp.mcuxpresso.tools.win32_11.6.1.202207200623/tools/bin/../lib/gcc/arm-none-eabi/10.3.1/../../../../arm-none-eabi/lib/thumb/v6-m/nofp\libcr_c.a(memset.o)
 .ARM.attributes
                0x000003c8       0x2c c:/nxp/mcuxpressoide_11.6.1_8255/ide/plugins/com.nxp.mcuxpresso.tools.win32_11.6.1.202207200623/tools/bin/../lib/gcc/arm-none-eabi/10.3.1/../../../../arm-none-eabi/lib/thumb/v6-m/nofp\libcr_c.a(_deferredlazyseek.o)
 .ARM.attributes
                0x000003f4       0x2c c:/nxp/mcuxpressoide_11.6.1_8255/ide/plugins/com.nxp.mcuxpresso.tools.win32_11.6.1.202207200623/tools/bin/../lib/gcc/arm-none-eabi/10.3.1/../../../../arm-none-eabi/lib/thumb/v6-m/nofp\libcr_c.a(_fflush.o)
 .ARM.attributes
                0x00000420       0x2c c:/nxp/mcuxpressoide_11.6.1_8255/ide/plugins/com.nxp.mcuxpresso.tools.win32_11.6.1.202207200623/tools/bin/../lib/gcc/arm-none-eabi/10.3.1/../../../../arm-none-eabi/lib/thumb/v6-m/nofp\libcr_c.a(_writebuf.o)
 .ARM.attributes
                0x0000044c       0x2c c:/nxp/mcuxpressoide_11.6.1_8255/ide/plugins/com.nxp.mcuxpresso.tools.win32_11.6.1.202207200623/tools/bin/../lib/gcc/arm-none-eabi/10.3.1/../../../../arm-none-eabi/lib/thumb/v6-m/nofp\libcr_c.a(alloc.o)
 .ARM.attributes
                0x00000478       0x2c c:/nxp/mcuxpressoide_11.6.1_8255/ide/plugins/com.nxp.mcuxpresso.tools.win32_11.6.1.202207200623/tools/bin/../lib/gcc/arm-none-eabi/10.3.1/../../../../arm-none-eabi/lib/thumb/v6-m/nofp\libcr_c.a(errno.o)
 .ARM.attributes
                0x000004a4       0x2c c:/nxp/mcuxpressoide_11.6.1_8255/ide/plugins/com.nxp.mcuxpresso.tools.win32_11.6.1.202207200623/tools/bin/../lib/gcc/arm-none-eabi/10.3.1/../../../../arm-none-eabi/lib/thumb/v6-m/nofp\libcr_c.a(fputs.o)
 .ARM.attributes
                0x000004d0       0x2c c:/nxp/mcuxpressoide_11.6.1_8255/ide/plugins/com.nxp.mcuxpresso.tools.win32_11.6.1.202207200623/tools/bin/../lib/gcc/arm-none-eabi/10.3.1/../../../../arm-none-eabi/lib/thumb/v6-m/nofp\libcr_c.a(fseek.o)
 .ARM.attributes
                0x000004fc       0x2c c:/nxp/mcuxpressoide_11.6.1_8255/ide/plugins/com.nxp.mcuxpresso.tools.win32_11.6.1.202207200623/tools/bin/../lib/gcc/arm-none-eabi/10.3.1/../../../../arm-none-eabi/lib/thumb/v6-m/nofp\libcr_c.a(ftell.o)
 .ARM.attributes
                0x00000528       0x2c c:/nxp/mcuxpressoide_11.6.1_8255/ide/plugins/com.nxp.mcuxpresso.tools.win32_11.6.1.202207200623/tools/bin/../lib/gcc/arm-none-eabi/10.3.1/../../../../arm-none-eabi/lib/thumb/v6-m/nofp\libcr_c.a(initio.o)
 .ARM.attributes
                0x00000554       0x2c c:/nxp/mcuxpressoide_11.6.1_8255/ide/plugins/com.nxp.mcuxpresso.tools.win32_11.6.1.202207200623/tools/bin/../lib/gcc/arm-none-eabi/10.3.1/../../../../arm-none-eabi/lib/thumb/v6-m/nofp\libcr_c.a(setvbuf.o)
 .ARM.attributes
                0x00000580       0x2c c:/nxp/mcuxpressoide_11.6.1_8255/ide/plugins/com.nxp.mcuxpresso.tools.win32_11.6.1.202207200623/tools/bin/../lib/gcc/arm-none-eabi/10.3.1/../../../../arm-none-eabi/lib/thumb/v6-m/nofp\libcr_c.a(strlen.o)
 .ARM.attributes
                0x000005ac       0x2c c:/nxp/mcuxpressoide_11.6.1_8255/ide/plugins/com.nxp.mcuxpresso.tools.win32_11.6.1.202207200623/tools/bin/../lib/gcc/arm-none-eabi/10.3.1/../../../../arm-none-eabi/lib/thumb/v6-m/nofp\libcr_c.a(__init_alloc.o)
 .ARM.attributes
                0x000005d8       0x2c c:/nxp/mcuxpressoide_11.6.1_8255/ide/plugins/com.nxp.mcuxpresso.tools.win32_11.6.1.202207200623/tools/bin/../lib/gcc/arm-none-eabi/10.3.1/../../../../arm-none-eabi/lib/thumb/v6-m/nofp\libcr_c.a(_cr_sbrk.o)
 .ARM.attributes
                0x00000604       0x2c c:/nxp/mcuxpressoide_11.6.1_8255/ide/plugins/com.nxp.mcuxpresso.tools.win32_11.6.1.202207200623/tools/bin/../lib/gcc/arm-none-eabi/10.3.1/../../../../arm-none-eabi/lib/thumb/v6-m/nofp\libcr_c.a(_fdopen.o)
 .ARM.attributes
                0x00000630       0x2c c:/nxp/mcuxpressoide_11.6.1_8255/ide/plugins/com.nxp.mcuxpresso.tools.win32_11.6.1.202207200623/tools/bin/../lib/gcc/arm-none-eabi/10.3.1/../../../../arm-none-eabi/lib/thumb/v6-m/nofp\libcr_c.a(fclose.o)
 .ARM.attributes
                0x0000065c       0x2c c:/nxp/mcuxpressoide_11.6.1_8255/ide/plugins/com.nxp.mcuxpresso.tools.win32_11.6.1.202207200623/tools/bin/../lib/gcc/arm-none-eabi/10.3.1/../../../../arm-none-eabi/lib/thumb/v6-m/nofp\libcr_c.a(fflush.o)
 .ARM.attributes
                0x00000688       0x2c c:/nxp/mcuxpressoide_11.6.1_8255/ide/plugins/com.nxp.mcuxpresso.tools.win32_11.6.1.202207200623/tools/bin/../lib/gcc/arm-none-eabi/10.3.1/../../../../arm-none-eabi/lib/thumb/v6-m/nofp\libcr_c.a(remove.o)
 .ARM.attributes
                0x000006b4       0x2c c:/nxp/mcuxpressoide_11.6.1_8255/ide/plugins/com.nxp.mcuxpresso.tools.win32_11.6.1.202207200623/tools/bin/../lib/gcc/arm-none-eabi/10.3.1/../../../../arm-none-eabi/lib/thumb/v6-m/nofp\libcr_c.a(_cr_check_heap.o)
 .ARM.attributes
                0x000006e0       0x2c c:/nxp/mcuxpressoide_11.6.1_8255/ide/plugins/com.nxp.mcuxpresso.tools.win32_11.6.1.202207200623/tools/bin/../lib/gcc/arm-none-eabi/10.3.1/../../../../arm-none-eabi/lib/thumb/v6-m/nofp\libcr_c.a(_do_fflush.o)
 .ARM.attributes
                0x0000070c       0x1c c:/nxp/mcuxpressoide_11.6.1_8255/ide/plugins/com.nxp.mcuxpresso.tools.win32_11.6.1.202207200623/tools/bin/../lib/gcc/arm-none-eabi/10.3.1/thumb/v6-m/nofp\libcr_eabihelpers.a(division_32.o)
 .ARM.attributes
                0x00000728       0x1c c:/nxp/mcuxpressoide_11.6.1_8255/ide/plugins/com.nxp.mcuxpresso.tools.win32_11.6.1.202207200623/tools/bin/../lib/gcc/arm-none-eabi/10.3.1/thumb/v6-m/nofp\libcr_eabihelpers.a(division_idiv0.o)
 .ARM.attributes
                0x00000744       0x1c c:/nxp/mcuxpressoide_11.6.1_8255/ide/plugins/com.nxp.mcuxpresso.tools.win32_11.6.1.202207200623/tools/bin/../lib/gcc/arm-none-eabi/10.3.1/thumb/v6-m/nofp\libcr_eabihelpers.a(memcpy.o)
 .ARM.attributes
                0x00000760       0x2c c:/nxp/mcuxpressoide_11.6.1_8255/ide/plugins/com.nxp.mcuxpresso.tools.win32_11.6.1.202207200623/tools/bin/../lib/gcc/arm-none-eabi/10.3.1/../../../../arm-none-eabi/lib/thumb/v6-m/nofp\libcr_nohost_nf.a(__sys_close.o)
 .ARM.attributes
                0x0000078c       0x2c c:/nxp/mcuxpressoide_11.6.1_8255/ide/plugins/com.nxp.mcuxpresso.tools.win32_11.6.1.202207200623/tools/bin/../lib/gcc/arm-none-eabi/10.3.1/../../../../arm-none-eabi/lib/thumb/v6-m/nofp\libcr_nohost_nf.a(__sys_flen.o)
 .ARM.attributes
                0x000007b8       0x2c c:/nxp/mcuxpressoide_11.6.1_8255/ide/plugins/com.nxp.mcuxpresso.tools.win32_11.6.1.202207200623/tools/bin/../lib/gcc/arm-none-eabi/10.3.1/../../../../arm-none-eabi/lib/thumb/v6-m/nofp\libcr_nohost_nf.a(__sys_istty.o)
 .ARM.attributes
                0x000007e4       0x2c c:/nxp/mcuxpressoide_11.6.1_8255/ide/plugins/com.nxp.mcuxpresso.tools.win32_11.6.1.202207200623/tools/bin/../lib/gcc/arm-none-eabi/10.3.1/../../../../arm-none-eabi/lib/thumb/v6-m/nofp\libcr_nohost_nf.a(__sys_remove.o)
 .ARM.attributes
                0x00000810       0x2c c:/nxp/mcuxpressoide_11.6.1_8255/ide/plugins/com.nxp.mcuxpresso.tools.win32_11.6.1.202207200623/tools/bin/../lib/gcc/arm-none-eabi/10.3.1/../../../../arm-none-eabi/lib/thumb/v6-m/nofp\libcr_nohost_nf.a(__sys_seek.o)
 .ARM.attributes
                0x0000083c       0x2c c:/nxp/mcuxpressoide_11.6.1_8255/ide/plugins/com.nxp.mcuxpresso.tools.win32_11.6.1.202207200623/tools/bin/../lib/gcc/arm-none-eabi/10.3.1/../../../../arm-none-eabi/lib/thumb/v6-m/nofp\libcr_nohost_nf.a(__sys_tmpnam.o)
 .ARM.attributes
                0x00000868       0x2c c:/nxp/mcuxpressoide_11.6.1_8255/ide/plugins/com.nxp.mcuxpresso.tools.win32_11.6.1.202207200623/tools/bin/../lib/gcc/arm-none-eabi/10.3.1/../../../../arm-none-eabi/lib/thumb/v6-m/nofp\libcr_nohost_nf.a(__sys_write.o)

.debug_frame    0x00000000     0x1c98
 .debug_frame   0x00000000      0x21c ./utilities/fsl_debug_console.o
 .debug_frame   0x0000021c      0x3b0 ./startup/startup_mkl27z644.o
 .debug_frame   0x000005cc       0x20 ./source/semihost_hardfault.o
 .debug_frame   0x000005ec       0x50 ./source/skuska.o
 .debug_frame   0x0000063c      0x2e8 ./drivers/fsl_clock.o
 .debug_frame   0x00000924      0x150 ./drivers/fsl_gpio.o
 .debug_frame   0x00000a74      0x58c ./drivers/fsl_i2c.o
 .debug_frame   0x00001000      0x468 ./drivers/fsl_lpuart.o
 .debug_frame   0x00001468       0x68 ./device/system_MKL27Z644.o
 .debug_frame   0x000014d0       0xf0 ./component/uart/fsl_adapter_lpuart.o
 .debug_frame   0x000015c0      0x210 ./component/serial_manager/fsl_component_serial_manager.o
 .debug_frame   0x000017d0       0xd0 ./component/serial_manager/fsl_component_serial_port_uart.o
 .debug_frame   0x000018a0       0x50 ./board/board.o
 .debug_frame   0x000018f0      0x1a0 ./board/clock_config.o
 .debug_frame   0x00001a90       0x48 ./board/peripherals.o
 .debug_frame   0x00001ad8      0x1c0 ./board/pin_mux.o

Cross Reference Table

Symbol                                            File
ADC0_DriverIRQHandler                             ./startup/startup_mkl27z644.o
ADC0_IRQHandler                                   ./startup/startup_mkl27z644.o
BOARD_BootClockRUN                                ./board/clock_config.o
BOARD_BootClockVLPR                               ./board/clock_config.o
BOARD_InitACCEL_I2CPins                           ./board/pin_mux.o
BOARD_InitBootClocks                              ./board/clock_config.o
                                                  ./source/skuska.o
BOARD_InitBootPeripherals                         ./board/peripherals.o
                                                  ./source/skuska.o
BOARD_InitBootPins                                ./board/pin_mux.o
                                                  ./source/skuska.o
BOARD_InitButtonsPins                             ./board/pin_mux.o
BOARD_InitDEBUG_UARTPins                          ./board/pin_mux.o
BOARD_InitDebugConsole                            ./board/board.o
                                                  ./source/skuska.o
BOARD_InitLEDsPins                                ./board/pin_mux.o
BOARD_InitMAGNET_I2CPins                          ./board/pin_mux.o
BOARD_InitOSCPins                                 ./board/pin_mux.o
BOARD_InitPeripherals                             ./board/peripherals.o
BOARD_InitPins                                    ./board/pin_mux.o
BOARD_InitTHERPins                                ./board/pin_mux.o
BOARD_InitTSIPins                                 ./board/pin_mux.o
BOARD_InitUSBPins                                 ./board/pin_mux.o
CLOCK_DeinitOsc0                                  ./drivers/fsl_clock.o
CLOCK_EnableUsbfs0Clock                           ./drivers/fsl_clock.o
                                                  ./board/clock_config.o
CLOCK_GetBusClkFreq                               ./drivers/fsl_clock.o
CLOCK_GetCoreSysClkFreq                           ./drivers/fsl_clock.o
CLOCK_GetEr32kClkFreq                             ./drivers/fsl_clock.o
CLOCK_GetFlashClkFreq                             ./drivers/fsl_clock.o
CLOCK_GetFreq                                     ./drivers/fsl_clock.o
CLOCK_GetInternalRefClkFreq                       ./drivers/fsl_clock.o
CLOCK_GetMode                                     ./drivers/fsl_clock.o
CLOCK_GetOsc0ErClkFreq                            ./drivers/fsl_clock.o
CLOCK_GetOutClkFreq                               ./drivers/fsl_clock.o
CLOCK_GetPeriphClkFreq                            ./drivers/fsl_clock.o
                                                  ./board/board.o
CLOCK_GetPlatClkFreq                              ./drivers/fsl_clock.o
CLOCK_InitOsc0                                    ./drivers/fsl_clock.o
                                                  ./board/clock_config.o
CLOCK_SetMcgliteConfig                            ./drivers/fsl_clock.o
                                                  ./board/clock_config.o
CLOCK_SetSimConfig                                ./drivers/fsl_clock.o
                                                  ./board/clock_config.o
CMP0_DriverIRQHandler                             ./startup/startup_mkl27z644.o
CMP0_IRQHandler                                   ./startup/startup_mkl27z644.o
DMA0_DriverIRQHandler                             ./startup/startup_mkl27z644.o
DMA0_IRQHandler                                   ./startup/startup_mkl27z644.o
DMA1_DriverIRQHandler                             ./startup/startup_mkl27z644.o
DMA1_IRQHandler                                   ./startup/startup_mkl27z644.o
DMA2_DriverIRQHandler                             ./startup/startup_mkl27z644.o
DMA2_IRQHandler                                   ./startup/startup_mkl27z644.o
DMA3_DriverIRQHandler                             ./startup/startup_mkl27z644.o
DMA3_IRQHandler                                   ./startup/startup_mkl27z644.o
DbgConsole_BlockingPrintf                         ./utilities/fsl_debug_console.o
DbgConsole_Deinit                                 ./utilities/fsl_debug_console.o
DbgConsole_EnterLowpower                          ./utilities/fsl_debug_console.o
DbgConsole_ExitLowpower                           ./utilities/fsl_debug_console.o
DbgConsole_Flush                                  ./utilities/fsl_debug_console.o
DbgConsole_Getchar                                ./utilities/fsl_debug_console.o
DbgConsole_Init                                   ./utilities/fsl_debug_console.o
                                                  ./board/board.o
DbgConsole_Printf                                 ./utilities/fsl_debug_console.o
DbgConsole_Putchar                                ./utilities/fsl_debug_console.o
DbgConsole_ReadCharacter                          ./utilities/fsl_debug_console.o
DbgConsole_ReadLine                               ./utilities/fsl_debug_console.o
DbgConsole_ReadOneCharacter                       ./utilities/fsl_debug_console.o
DbgConsole_Scanf                                  ./utilities/fsl_debug_console.o
DbgConsole_SendData                               ./utilities/fsl_debug_console.o
DbgConsole_SendDataReliable                       ./utilities/fsl_debug_console.o
FGPIO_PinInit                                     ./drivers/fsl_gpio.o
FGPIO_PortClearInterruptFlags                     ./drivers/fsl_gpio.o
FGPIO_PortGetInterruptFlags                       ./drivers/fsl_gpio.o
FTFA_DriverIRQHandler                             ./startup/startup_mkl27z644.o
FTFA_IRQHandler                                   ./startup/startup_mkl27z644.o
Flash_Config                                      ./startup/startup_mkl27z644.o
GPIO_PinInit                                      ./drivers/fsl_gpio.o
                                                  ./board/pin_mux.o
                                                  ./source/skuska.o
GPIO_PortClearInterruptFlags                      ./drivers/fsl_gpio.o
GPIO_PortGetInterruptFlags                        ./drivers/fsl_gpio.o
HAL_UartDeinit                                    ./component/uart/fsl_adapter_lpuart.o
                                                  ./component/serial_manager/fsl_component_serial_port_uart.o
HAL_UartEnterLowpower                             ./component/uart/fsl_adapter_lpuart.o
                                                  ./component/serial_manager/fsl_component_serial_port_uart.o
HAL_UartExitLowpower                              ./component/uart/fsl_adapter_lpuart.o
                                                  ./component/serial_manager/fsl_component_serial_port_uart.o
HAL_UartInit                                      ./component/uart/fsl_adapter_lpuart.o
                                                  ./component/serial_manager/fsl_component_serial_port_uart.o
HAL_UartReceiveBlocking                           ./component/uart/fsl_adapter_lpuart.o
                                                  ./component/serial_manager/fsl_component_serial_port_uart.o
HAL_UartSendBlocking                              ./component/uart/fsl_adapter_lpuart.o
                                                  ./component/serial_manager/fsl_component_serial_port_uart.o
HardFault_Handler                                 ./source/semihost_hardfault.o
                                                  ./startup/startup_mkl27z644.o
I2C0_DriverIRQHandler                             ./drivers/fsl_i2c.o
                                                  ./startup/startup_mkl27z644.o
I2C0_IRQHandler                                   ./startup/startup_mkl27z644.o
I2C1_DriverIRQHandler                             ./drivers/fsl_i2c.o
                                                  ./startup/startup_mkl27z644.o
I2C1_IRQHandler                                   ./startup/startup_mkl27z644.o
I2C_DisableInterrupts                             ./drivers/fsl_i2c.o
I2C_EnableInterrupts                              ./drivers/fsl_i2c.o
I2C_GetInstance                                   ./drivers/fsl_i2c.o
I2C_MasterDeinit                                  ./drivers/fsl_i2c.o
I2C_MasterGetDefaultConfig                        ./drivers/fsl_i2c.o
I2C_MasterGetStatusFlags                          ./drivers/fsl_i2c.o
I2C_MasterInit                                    ./drivers/fsl_i2c.o
I2C_MasterReadBlocking                            ./drivers/fsl_i2c.o
I2C_MasterRepeatedStart                           ./drivers/fsl_i2c.o
I2C_MasterSetBaudRate                             ./drivers/fsl_i2c.o
I2C_MasterStart                                   ./drivers/fsl_i2c.o
I2C_MasterStop                                    ./drivers/fsl_i2c.o
I2C_MasterTransferAbort                           ./drivers/fsl_i2c.o
I2C_MasterTransferBlocking                        ./drivers/fsl_i2c.o
I2C_MasterTransferCreateHandle                    ./drivers/fsl_i2c.o
I2C_MasterTransferGetCount                        ./drivers/fsl_i2c.o
I2C_MasterTransferHandleIRQ                       ./drivers/fsl_i2c.o
I2C_MasterTransferNonBlocking                     ./drivers/fsl_i2c.o
I2C_MasterWriteBlocking                           ./drivers/fsl_i2c.o
I2C_SlaveDeinit                                   ./drivers/fsl_i2c.o
I2C_SlaveGetDefaultConfig                         ./drivers/fsl_i2c.o
I2C_SlaveInit                                     ./drivers/fsl_i2c.o
I2C_SlaveReadBlocking                             ./drivers/fsl_i2c.o
I2C_SlaveTransferAbort                            ./drivers/fsl_i2c.o
I2C_SlaveTransferCreateHandle                     ./drivers/fsl_i2c.o
I2C_SlaveTransferGetCount                         ./drivers/fsl_i2c.o
I2C_SlaveTransferHandleIRQ                        ./drivers/fsl_i2c.o
I2C_SlaveTransferNonBlocking                      ./drivers/fsl_i2c.o
I2C_SlaveWriteBlocking                            ./drivers/fsl_i2c.o
IntDefaultHandler                                 ./startup/startup_mkl27z644.o
LIST_AddHead                                      ./component/lists/fsl_component_generic_list.o
LIST_AddPrevElement                               ./component/lists/fsl_component_generic_list.o
LIST_AddTail                                      ./component/lists/fsl_component_generic_list.o
LIST_GetAvailableSize                             ./component/lists/fsl_component_generic_list.o
LIST_GetHead                                      ./component/lists/fsl_component_generic_list.o
LIST_GetList                                      ./component/lists/fsl_component_generic_list.o
LIST_GetNext                                      ./component/lists/fsl_component_generic_list.o
LIST_GetPrev                                      ./component/lists/fsl_component_generic_list.o
LIST_GetSize                                      ./component/lists/fsl_component_generic_list.o
LIST_Init                                         ./component/lists/fsl_component_generic_list.o
LIST_RemoveElement                                ./component/lists/fsl_component_generic_list.o
LIST_RemoveHead                                   ./component/lists/fsl_component_generic_list.o
LLWU_DriverIRQHandler                             ./startup/startup_mkl27z644.o
LLWU_IRQHandler                                   ./startup/startup_mkl27z644.o
LPTMR0_DriverIRQHandler                           ./startup/startup_mkl27z644.o
LPTMR0_IRQHandler                                 ./startup/startup_mkl27z644.o
LPUART0_DriverIRQHandler                          ./drivers/fsl_lpuart.o
                                                  ./startup/startup_mkl27z644.o
LPUART0_IRQHandler                                ./startup/startup_mkl27z644.o
LPUART1_DriverIRQHandler                          ./drivers/fsl_lpuart.o
                                                  ./startup/startup_mkl27z644.o
LPUART1_IRQHandler                                ./startup/startup_mkl27z644.o
LPUART_ClearStatusFlags                           ./drivers/fsl_lpuart.o
LPUART_Deinit                                     ./drivers/fsl_lpuart.o
                                                  ./component/uart/fsl_adapter_lpuart.o
LPUART_DisableInterrupts                          ./drivers/fsl_lpuart.o
LPUART_Enable9bitMode                             ./drivers/fsl_lpuart.o
LPUART_EnableInterrupts                           ./drivers/fsl_lpuart.o
LPUART_GetDefaultConfig                           ./drivers/fsl_lpuart.o
                                                  ./component/uart/fsl_adapter_lpuart.o
LPUART_GetEnabledInterrupts                       ./drivers/fsl_lpuart.o
LPUART_GetInstance                                ./drivers/fsl_lpuart.o
LPUART_GetStatusFlags                             ./drivers/fsl_lpuart.o
LPUART_Init                                       ./drivers/fsl_lpuart.o
                                                  ./component/uart/fsl_adapter_lpuart.o
LPUART_ReadBlocking                               ./drivers/fsl_lpuart.o
                                                  ./component/uart/fsl_adapter_lpuart.o
LPUART_SendAddress                                ./drivers/fsl_lpuart.o
LPUART_SetBaudRate                                ./drivers/fsl_lpuart.o
LPUART_TransferAbortReceive                       ./drivers/fsl_lpuart.o
LPUART_TransferAbortSend                          ./drivers/fsl_lpuart.o
LPUART_TransferCreateHandle                       ./drivers/fsl_lpuart.o
LPUART_TransferGetReceiveCount                    ./drivers/fsl_lpuart.o
LPUART_TransferGetRxRingBufferLength              ./drivers/fsl_lpuart.o
LPUART_TransferGetSendCount                       ./drivers/fsl_lpuart.o
LPUART_TransferHandleErrorIRQ                     ./drivers/fsl_lpuart.o
LPUART_TransferHandleIRQ                          ./drivers/fsl_lpuart.o
LPUART_TransferReceiveNonBlocking                 ./drivers/fsl_lpuart.o
LPUART_TransferSendNonBlocking                    ./drivers/fsl_lpuart.o
LPUART_TransferStartRingBuffer                    ./drivers/fsl_lpuart.o
LPUART_TransferStopRingBuffer                     ./drivers/fsl_lpuart.o
LPUART_WriteBlocking                              ./drivers/fsl_lpuart.o
                                                  ./component/uart/fsl_adapter_lpuart.o
NMI_Handler                                       ./startup/startup_mkl27z644.o
PIT_DriverIRQHandler                              ./startup/startup_mkl27z644.o
PIT_IRQHandler                                    ./startup/startup_mkl27z644.o
PMC_DriverIRQHandler                              ./startup/startup_mkl27z644.o
PMC_IRQHandler                                    ./startup/startup_mkl27z644.o
PORTA_DriverIRQHandler                            ./startup/startup_mkl27z644.o
PORTA_IRQHandler                                  ./startup/startup_mkl27z644.o
PORTB_PORTC_PORTD_PORTE_DriverIRQHandler          ./startup/startup_mkl27z644.o
PORTB_PORTC_PORTD_PORTE_IRQHandler                ./startup/startup_mkl27z644.o
PendSV_Handler                                    ./startup/startup_mkl27z644.o
RTC_DriverIRQHandler                              ./startup/startup_mkl27z644.o
RTC_IRQHandler                                    ./startup/startup_mkl27z644.o
RTC_Seconds_DriverIRQHandler                      ./startup/startup_mkl27z644.o
RTC_Seconds_IRQHandler                            ./startup/startup_mkl27z644.o
Reserved20_DriverIRQHandler                       ./startup/startup_mkl27z644.o
Reserved20_IRQHandler                             ./startup/startup_mkl27z644.o
Reserved39_DriverIRQHandler                       ./startup/startup_mkl27z644.o
Reserved39_IRQHandler                             ./startup/startup_mkl27z644.o
Reserved41_DriverIRQHandler                       ./startup/startup_mkl27z644.o
Reserved41_IRQHandler                             ./startup/startup_mkl27z644.o
Reserved42_DriverIRQHandler                       ./startup/startup_mkl27z644.o
Reserved42_IRQHandler                             ./startup/startup_mkl27z644.o
Reserved43_DriverIRQHandler                       ./startup/startup_mkl27z644.o
Reserved43_IRQHandler                             ./startup/startup_mkl27z644.o
Reserved45_DriverIRQHandler                       ./startup/startup_mkl27z644.o
Reserved45_IRQHandler                             ./startup/startup_mkl27z644.o
ResetISR                                          ./startup/startup_mkl27z644.o
SDK_DelayAtLeastUs                                ./drivers/fsl_common.o
SDK_Free                                          ./drivers/fsl_common.o
SDK_Malloc                                        ./drivers/fsl_common.o
SMC_PostExitStopModes                             ./drivers/fsl_smc.o
SMC_PostExitWaitModes                             ./drivers/fsl_smc.o
SMC_PreEnterStopModes                             ./drivers/fsl_smc.o
SMC_PreEnterWaitModes                             ./drivers/fsl_smc.o
SMC_SetPowerModeLls                               ./drivers/fsl_smc.o
SMC_SetPowerModeRun                               ./drivers/fsl_smc.o
SMC_SetPowerModeStop                              ./drivers/fsl_smc.o
SMC_SetPowerModeVlls                              ./drivers/fsl_smc.o
SMC_SetPowerModeVlpr                              ./drivers/fsl_smc.o
                                                  ./board/clock_config.o
SMC_SetPowerModeVlps                              ./drivers/fsl_smc.o
SMC_SetPowerModeVlpw                              ./drivers/fsl_smc.o
SMC_SetPowerModeWait                              ./drivers/fsl_smc.o
SPI0_DriverIRQHandler                             ./startup/startup_mkl27z644.o
SPI0_IRQHandler                                   ./startup/startup_mkl27z644.o
SPI1_DriverIRQHandler                             ./startup/startup_mkl27z644.o
SPI1_IRQHandler                                   ./startup/startup_mkl27z644.o
SVC_Handler                                       ./startup/startup_mkl27z644.o
SerialManager_CloseReadHandle                     ./component/serial_manager/fsl_component_serial_manager.o
                                                  ./utilities/fsl_debug_console.o
SerialManager_CloseWriteHandle                    ./component/serial_manager/fsl_component_serial_manager.o
                                                  ./utilities/fsl_debug_console.o
SerialManager_Deinit                              ./component/serial_manager/fsl_component_serial_manager.o
                                                  ./utilities/fsl_debug_console.o
SerialManager_EnterLowpower                       ./component/serial_manager/fsl_component_serial_manager.o
                                                  ./utilities/fsl_debug_console.o
SerialManager_ExitLowpower                        ./component/serial_manager/fsl_component_serial_manager.o
                                                  ./utilities/fsl_debug_console.o
SerialManager_Init                                ./component/serial_manager/fsl_component_serial_manager.o
                                                  ./utilities/fsl_debug_console.o
SerialManager_OpenReadHandle                      ./component/serial_manager/fsl_component_serial_manager.o
                                                  ./utilities/fsl_debug_console.o
SerialManager_OpenWriteHandle                     ./component/serial_manager/fsl_component_serial_manager.o
                                                  ./utilities/fsl_debug_console.o
SerialManager_ReadBlocking                        ./component/serial_manager/fsl_component_serial_manager.o
                                                  ./utilities/fsl_debug_console.o
SerialManager_WriteBlocking                       ./component/serial_manager/fsl_component_serial_manager.o
                                                  ./utilities/fsl_debug_console.o
Serial_UartDeinit                                 ./component/serial_manager/fsl_component_serial_port_uart.o
                                                  ./component/serial_manager/fsl_component_serial_manager.o
Serial_UartEnterLowpower                          ./component/serial_manager/fsl_component_serial_port_uart.o
                                                  ./component/serial_manager/fsl_component_serial_manager.o
Serial_UartExitLowpower                           ./component/serial_manager/fsl_component_serial_port_uart.o
                                                  ./component/serial_manager/fsl_component_serial_manager.o
Serial_UartInit                                   ./component/serial_manager/fsl_component_serial_port_uart.o
                                                  ./component/serial_manager/fsl_component_serial_manager.o
Serial_UartRead                                   ./component/serial_manager/fsl_component_serial_port_uart.o
                                                  ./component/serial_manager/fsl_component_serial_manager.o
Serial_UartWrite                                  ./component/serial_manager/fsl_component_serial_port_uart.o
                                                  ./component/serial_manager/fsl_component_serial_manager.o
StrFormatPrintf                                   ./utilities/fsl_str.o
                                                  ./utilities/fsl_debug_console.o
StrFormatScanf                                    ./utilities/fsl_str.o
                                                  ./utilities/fsl_debug_console.o
SysTick_Handler                                   ./startup/startup_mkl27z644.o
SystemCoreClock                                   ./device/system_MKL27Z644.o
                                                  ./board/clock_config.o
SystemCoreClockUpdate                             ./device/system_MKL27Z644.o
SystemInit                                        ./device/system_MKL27Z644.o
                                                  ./startup/startup_mkl27z644.o
SystemInitHook                                    ./device/system_MKL27Z644.o
TPM0_DriverIRQHandler                             ./startup/startup_mkl27z644.o
TPM0_IRQHandler                                   ./startup/startup_mkl27z644.o
TPM1_DriverIRQHandler                             ./startup/startup_mkl27z644.o
TPM1_IRQHandler                                   ./startup/startup_mkl27z644.o