C:\Users\matej\Documents\MCUXpressoIDE_11.6.1_8255\workspace\skuska\drivers/fsl_clock.h:424:20:CLOCK_EnableClock	24	static
C:\Users\matej\Documents\MCUXpressoIDE_11.6.1_8255\workspace\skuska\drivers/fsl_port.h:243:20:PORT_SetPinConfig	32	static
C:\Users\matej\Documents\MCUXpressoIDE_11.6.1_8255\workspace\skuska\drivers/fsl_port.h:346:20:PORT_SetPinMux	24	static
../board/pin_mux.c:103:6:BOARD_InitBootPins	8	static
../board/pin_mux.c:125:6:BOARD_InitPins	8	static
../board/pin_mux.c:180:6:BOARD_InitLEDsPins	32	static
../board/pin_mux.c:268:6:BOARD_InitButtonsPins	24	static
../board/pin_mux.c:336:6:BOARD_InitTSIPins	16	static
../board/pin_mux.c:415:6:BOARD_InitUSBPins	8	static
../board/pin_mux.c:481:6:BOARD_InitACCEL_I2CPins	16	static
../board/pin_mux.c:567:6:BOARD_InitMAGNET_I2CPins	24	static
../board/pin_mux.c:644:6:BOARD_InitDEBUG_UARTPins	16	static
../board/pin_mux.c:706:6:BOARD_InitTHERPins	16	static
../board/pin_mux.c:782:6:BOARD_InitOSCPins	8	static
